Component: ARM Compiler 5.06 update 1 (build 61) Tool: armlink [4d35a8]

==============================================================================

Section Cross References

    main.o(i.main) refers to main.o(i.prvSetupHardware) for prvSetupHardware
    main.o(i.main) refers to tasks.o(i.xTaskGenericCreate) for xTaskGenericCreate
    main.o(i.main) refers to tasks.o(i.vTaskStartScheduler) for vTaskStartScheduler
    main.o(i.main) refers to main.o(i.vLEDTask1) for vLEDTask1
    main.o(i.main) refers to main.o(i.vLEDTask2) for vLEDTask2
    main.o(i.main) refers to main.o(i.vLEDTask3) for vLEDTask3
    main.o(i.main) refers to main.o(i.vUARTTask) for vUARTTask
    main.o(i.prvSetupHardware) refers to chip_15xx.o(i.SystemCoreClockUpdate) for SystemCoreClockUpdate
    main.o(i.prvSetupHardware) refers to board.o(i.Board_Init) for Board_Init
    main.o(i.prvSetupHardware) refers to board.o(i.Board_LED_Set) for Board_LED_Set
    main.o(i.vLEDTask1) refers to board.o(i.Board_LED_Set) for Board_LED_Set
    main.o(i.vLEDTask1) refers to tasks.o(i.vTaskDelay) for vTaskDelay
    main.o(i.vLEDTask2) refers to board.o(i.Board_LED_Set) for Board_LED_Set
    main.o(i.vLEDTask2) refers to tasks.o(i.vTaskDelay) for vTaskDelay
    main.o(i.vLEDTask3) refers to board.o(i.Board_LED_Set) for Board_LED_Set
    main.o(i.vLEDTask3) refers to tasks.o(i.vTaskDelay) for vTaskDelay
    main.o(i.vUARTTask) refers to _printf_percent.o(.ARM.Collect$$_printf_percent$$00000000) for _printf_percent
    main.o(i.vUARTTask) refers to _printf_d.o(.ARM.Collect$$_printf_percent$$00000009) for _printf_d
    main.o(i.vUARTTask) refers to _printf_dec.o(.text) for _printf_int_dec
    main.o(i.vUARTTask) refers to noretval__2printf.o(.text) for __2printf
    main.o(i.vUARTTask) refers to tasks.o(i.vTaskDelay) for vTaskDelay
    keil_startup_lpc15xx.o(STACK) refers (Special) to heapauxi.o(.text) for __use_two_region_memory
    keil_startup_lpc15xx.o(HEAP) refers (Special) to heapauxi.o(.text) for __use_two_region_memory
    keil_startup_lpc15xx.o(RESET) refers (Special) to heapauxi.o(.text) for __use_two_region_memory
    keil_startup_lpc15xx.o(RESET) refers to keil_startup_lpc15xx.o(STACK) for __initial_sp
    keil_startup_lpc15xx.o(RESET) refers to keil_startup_lpc15xx.o(.text) for Reset_Handler
    keil_startup_lpc15xx.o(RESET) refers to port.o(.emb_text) for SVC_Handler
    keil_startup_lpc15xx.o(RESET) refers to port.o(i.SysTick_Handler) for SysTick_Handler
    keil_startup_lpc15xx.o(.ARM.__at_0x02FC) refers (Special) to heapauxi.o(.text) for __use_two_region_memory
    keil_startup_lpc15xx.o(.text) refers (Special) to heapauxi.o(.text) for __use_two_region_memory
    keil_startup_lpc15xx.o(.text) refers to sysinit.o(i.SystemInit) for SystemInit
    keil_startup_lpc15xx.o(.text) refers to __main.o(!!!main) for __main
    keil_startup_lpc15xx.o(.text) refers to keil_startup_lpc15xx.o(HEAP) for Heap_Mem
    keil_startup_lpc15xx.o(.text) refers to keil_startup_lpc15xx.o(STACK) for Stack_Mem
    sysinit.o(i.SystemInit) refers to board_sysinit.o(i.Board_SystemInit) for Board_SystemInit
    event_groups.o(i.vEventGroupClearBitsCallback) refers to event_groups.o(i.xEventGroupClearBits) for xEventGroupClearBits
    event_groups.o(i.vEventGroupDelete) refers to tasks.o(i.vTaskSuspendAll) for vTaskSuspendAll
    event_groups.o(i.vEventGroupDelete) refers to port.o(.emb_text) for ulPortSetInterruptMask
    event_groups.o(i.vEventGroupDelete) refers to tasks.o(i.xTaskRemoveFromUnorderedEventList) for xTaskRemoveFromUnorderedEventList
    event_groups.o(i.vEventGroupDelete) refers to heap_3.o(i.vPortFree) for vPortFree
    event_groups.o(i.vEventGroupDelete) refers to tasks.o(i.xTaskResumeAll) for xTaskResumeAll
    event_groups.o(i.vEventGroupSetBitsCallback) refers to event_groups.o(i.xEventGroupSetBits) for xEventGroupSetBits
    event_groups.o(i.xEventGroupClearBits) refers to port.o(.emb_text) for ulPortSetInterruptMask
    event_groups.o(i.xEventGroupClearBits) refers to port.o(i.vPortEnterCritical) for vPortEnterCritical
    event_groups.o(i.xEventGroupClearBits) refers to port.o(i.vPortExitCritical) for vPortExitCritical
    event_groups.o(i.xEventGroupCreate) refers to heap_3.o(i.pvPortMalloc) for pvPortMalloc
    event_groups.o(i.xEventGroupCreate) refers to list.o(i.vListInitialise) for vListInitialise
    event_groups.o(i.xEventGroupGetBitsFromISR) refers to port.o(.emb_text) for ulPortSetInterruptMask
    event_groups.o(i.xEventGroupSetBits) refers to port.o(.emb_text) for ulPortSetInterruptMask
    event_groups.o(i.xEventGroupSetBits) refers to tasks.o(i.vTaskSuspendAll) for vTaskSuspendAll
    event_groups.o(i.xEventGroupSetBits) refers to tasks.o(i.xTaskRemoveFromUnorderedEventList) for xTaskRemoveFromUnorderedEventList
    event_groups.o(i.xEventGroupSetBits) refers to tasks.o(i.xTaskResumeAll) for xTaskResumeAll
[...]
    swm_15xx.c                               0x00000000   Number         0  swm_15xx.o ABSOLUTE
    sysctl_15xx.c                            0x00000000   Number         0  sysctl_15xx.o ABSOLUTE
    sysctl_15xx.c                            0x00000000   Number         0  sysctl_15xx.o ABSOLUTE
    sysinit_15xx.c                           0x00000000   Number         0  sysinit_15xx.o ABSOLUTE
    sysinit_15xx.c                           0x00000000   Number         0  sysinit_15xx.o ABSOLUTE
    uart_15xx.c                              0x00000000   Number         0  uart_15xx.o ABSOLUTE
    uart_15xx.c                              0x00000000   Number         0  uart_15xx.o ABSOLUTE
    !!!main                                  0x000000fc   Section        8  __main.o(!!!main)
    !!!scatter                               0x00000104   Section       52  __scatter.o(!!!scatter)
    !!handler_copy                           0x00000138   Section       26  __scatter_copy.o(!!handler_copy)
    !!handler_zi                             0x00000154   Section       28  __scatter_zi.o(!!handler_zi)
    .ARM.Collect$$_printf_percent$$00000000  0x00000170   Section        0  _printf_percent.o(.ARM.Collect$$_printf_percent$$00000000)
    .ARM.Collect$$_printf_percent$$00000009  0x00000170   Section        6  _printf_d.o(.ARM.Collect$$_printf_percent$$00000009)
    .ARM.Collect$$_printf_percent$$00000014  0x00000176   Section        6  _printf_s.o(.ARM.Collect$$_printf_percent$$00000014)
    .ARM.Collect$$_printf_percent$$00000017  0x0000017c   Section        4  _printf_percent_end.o(.ARM.Collect$$_printf_percent$$00000017)
    .ARM.Collect$$libinit$$00000000          0x00000180   Section        2  libinit.o(.ARM.Collect$$libinit$$00000000)
    .ARM.Collect$$libinit$$00000002          0x00000182   Section        0  libinit2.o(.ARM.Collect$$libinit$$00000002)
    .ARM.Collect$$libinit$$00000004          0x00000182   Section        0  libinit2.o(.ARM.Collect$$libinit$$00000004)
    .ARM.Collect$$libinit$$00000005          0x00000182   Section        8  libinit2.o(.ARM.Collect$$libinit$$00000005)
    .ARM.Collect$$libinit$$0000000A          0x0000018a   Section        0  libinit2.o(.ARM.Collect$$libinit$$0000000A)
    .ARM.Collect$$libinit$$0000000C          0x0000018a   Section        0  libinit2.o(.ARM.Collect$$libinit$$0000000C)
    .ARM.Collect$$libinit$$0000000E          0x0000018a   Section        0  libinit2.o(.ARM.Collect$$libinit$$0000000E)
    .ARM.Collect$$libinit$$00000011          0x0000018a   Section        0  libinit2.o(.ARM.Collect$$libinit$$00000011)
    .ARM.Collect$$libinit$$00000013          0x0000018a   Section        0  libinit2.o(.ARM.Collect$$libinit$$00000013)
    .ARM.Collect$$libinit$$00000015          0x0000018a   Section        0  libinit2.o(.ARM.Collect$$libinit$$00000015)
    .ARM.Collect$$libinit$$00000017          0x0000018a   Section        0  libinit2.o(.ARM.Collect$$libinit$$00000017)
    .ARM.Collect$$libinit$$00000019          0x0000018a   Section        0  libinit2.o(.ARM.Collect$$libinit$$00000019)
    .ARM.Collect$$libinit$$0000001B          0x0000018a   Section        0  libinit2.o(.ARM.Collect$$libinit$$0000001B)
    .ARM.Collect$$libinit$$0000001D          0x0000018a   Section        0  libinit2.o(.ARM.Collect$$libinit$$0000001D)
    .ARM.Collect$$libinit$$0000001F          0x0000018a   Section        0  libinit2.o(.ARM.Collect$$libinit$$0000001F)
    .ARM.Collect$$libinit$$00000021          0x0000018a   Section        0  libinit2.o(.ARM.Collect$$libinit$$00000021)
    .ARM.Collect$$libinit$$00000023          0x0000018a   Section        0  libinit2.o(.ARM.Collect$$libinit$$00000023)
    .ARM.Collect$$libinit$$00000025          0x0000018a   Section        0  libinit2.o(.ARM.Collect$$libinit$$00000025)
    .ARM.Collect$$libinit$$0000002C          0x0000018a   Section        0  libinit2.o(.ARM.Collect$$libinit$$0000002C)
    .ARM.Collect$$libinit$$0000002E          0x0000018a   Section        0  libinit2.o(.ARM.Collect$$libinit$$0000002E)
    .ARM.Collect$$libinit$$00000030          0x0000018a   Section        0  libinit2.o(.ARM.Collect$$libinit$$00000030)
    .ARM.Collect$$libinit$$00000032          0x0000018a   Section        0  libinit2.o(.ARM.Collect$$libinit$$00000032)
    .ARM.Collect$$libinit$$00000033          0x0000018a   Section        2  libinit2.o(.ARM.Collect$$libinit$$00000033)
    .ARM.Collect$$libshutdown$$00000000      0x0000018c   Section        2  libshutdown.o(.ARM.Collect$$libshutdown$$00000000)
    .ARM.Collect$$libshutdown$$00000002      0x0000018e   Section        0  libshutdown2.o(.ARM.Collect$$libshutdown$$00000002)
    .ARM.Collect$$libshutdown$$00000004      0x0000018e   Section        0  libshutdown2.o(.ARM.Collect$$libshutdown$$00000004)
    .ARM.Collect$$libshutdown$$00000007      0x0000018e   Section        0  libshutdown2.o(.ARM.Collect$$libshutdown$$00000007)
    .ARM.Collect$$libshutdown$$0000000A      0x0000018e   Section        0  libshutdown2.o(.ARM.Collect$$libshutdown$$0000000A)
    .ARM.Collect$$libshutdown$$0000000C      0x0000018e   Section        0  libshutdown2.o(.ARM.Collect$$libshutdown$$0000000C)
    .ARM.Collect$$libshutdown$$0000000F      0x0000018e   Section        0  libshutdown2.o(.ARM.Collect$$libshutdown$$0000000F)
    .ARM.Collect$$libshutdown$$00000010      0x0000018e   Section        2  libshutdown2.o(.ARM.Collect$$libshutdown$$00000010)
    .ARM.Collect$$rtentry$$00000000          0x00000190   Section        0  __rtentry.o(.ARM.Collect$$rtentry$$00000000)
    .ARM.Collect$$rtentry$$00000002          0x00000190   Section        0  __rtentry2.o(.ARM.Collect$$rtentry$$00000002)
    .ARM.Collect$$rtentry$$00000004          0x00000190   Section        6  __rtentry4.o(.ARM.Collect$$rtentry$$00000004)
    .ARM.Collect$$rtentry$$00000009          0x00000196   Section        0  __rtentry2.o(.ARM.Collect$$rtentry$$00000009)
    .ARM.Collect$$rtentry$$0000000A          0x00000196   Section        4  __rtentry2.o(.ARM.Collect$$rtentry$$0000000A)
    .ARM.Collect$$rtentry$$0000000C          0x0000019a   Section        0  __rtentry2.o(.ARM.Collect$$rtentry$$0000000C)
    .ARM.Collect$$rtentry$$0000000D          0x0000019a   Section        8  __rtentry2.o(.ARM.Collect$$rtentry$$0000000D)
    .ARM.Collect$$rtexit$$00000000           0x000001a2   Section        2  rtexit.o(.ARM.Collect$$rtexit$$00000000)
    .ARM.Collect$$rtexit$$00000002           0x000001a4   Section        0  rtexit2.o(.ARM.Collect$$rtexit$$00000002)
    .ARM.Collect$$rtexit$$00000003           0x000001a4   Section        4  rtexit2.o(.ARM.Collect$$rtexit$$00000003)
    .ARM.Collect$$rtexit$$00000004           0x000001a8   Section        6  rtexit2.o(.ARM.Collect$$rtexit$$00000004)
    .emb_text                                0x000001b0   Section      162  port.o(.emb_text)
    .emb_text                                0x00000254   Section        0  maybetermalloc1.o(.emb_text)
    .text                                    0x00000254   Section       60  keil_startup_lpc15xx.o(.text)
    .text                                    0x00000290   Section        0  h1_alloc.o(.text)
    .text                                    0x000002ee   Section        0  heapauxi.o(.text)
    .text                                    0x000002f4   Section        8  rt_heap_descriptor_intlibspace.o(.text)
    .ARM.__at_0x02FC                         0x000002fc   Section        4  keil_startup_lpc15xx.o(.ARM.__at_0x02FC)
    .text                                    0x00000300   Section        0  h1_free.o(.text)
    .text                                    0x0000034e   Section      238  lludivv7m.o(.text)
    .text                                    0x0000043c   Section        0  noretval__2printf.o(.text)
    .text                                    0x00000454   Section        0  __printf.o(.text)
    .text                                    0x000004bc   Section        0  _printf_str.o(.text)
    .text                                    0x00000510   Section        0  _printf_dec.o(.text)
    .text                                    0x00000588   Section      138  rt_memcpy_v6.o(.text)
    .text                                    0x00000612   Section       16  aeabi_memset.o(.text)
    .text                                    0x00000622   Section        0  hguard.o(.text)
    .text                                    0x00000626   Section        0  init_alloc.o(.text)
    .text                                    0x000006b0   Section        0  h1_init.o(.text)
    .text                                    0x000006be   Section        0  _printf_intcommon.o(.text)
    .text                                    0x00000770   Section        0  _printf_char.o(.text)
    .text                                    0x0000079c   Section        0  _printf_char_file.o(.text)
    .text                                    0x000007c0   Section      100  rt_memcpy_w.o(.text)
    .text                                    0x00000824   Section       68  rt_memclr.o(.text)
    .text                                    0x00000868   Section        8  libspace.o(.text)
    .text                                    0x00000870   Section        0  h1_extend.o(.text)
    .text                                    0x000008a4   Section        0  _printf_char_common.o(.text)
    _printf_input_char                       0x000008a5   Thumb Code    10  _printf_char_common.o(.text)
    .text                                    0x000008d4   Section        0  defsig_rtmem_outer.o(.text)
    .text                                    0x000008e2   Section       78  rt_memclr_w.o(.text)
    .text                                    0x00000930   Section        2  use_no_semi.o(.text)
    .text                                    0x00000932   Section       74  sys_stackheap_outer.o(.text)
    .text                                    0x00000932   Section        0  indicate_semi.o(.text)
    .text                                    0x0000097c   Section        0  exit.o(.text)
    .text                                    0x0000098e   Section        0  defsig_exit.o(.text)
    .text                                    0x00000998   Section        0  defsig_rtmem_inner.o(.text)
    .text                                    0x000009e8   Section        0  defsig_general.o(.text)
    .text                                    0x00000a1a   Section        0  sys_wrch.o(.text)
    i.Board_Debug_Init                       0x00000a28   Section        0  board.o(i.Board_Debug_Init)
    i.Board_Init                             0x00000a88   Section        0  board.o(i.Board_Init)
    i.Board_LED_Set                          0x00000ad0   Section        0  board.o(i.Board_LED_Set)
    i.Board_SetupClocking                    0x00000af4   Section        0  board_sysinit.o(i.Board_SetupClocking)
    i.Board_SetupMuxing                      0x00000b2c   Section        0  board_sysinit.o(i.Board_SetupMuxing)
    i.Board_SystemInit                       0x00000b7c   Section        0  board_sysinit.o(i.Board_SystemInit)
    i.Board_UARTPutChar                      0x00000b94   Section        0  board.o(i.Board_UARTPutChar)
    i.Board_UARTPutSTR                       0x00000ba8   Section        0  board.o(i.Board_UARTPutSTR)
    i.Chip_Clock_EnablePeriphClock           0x00000bbc   Section        0  clock_15xx.o(i.Chip_Clock_EnablePeriphClock)
    i.Chip_Clock_GetMainClockRate            0x00000bdc   Section        0  clock_15xx.o(i.Chip_Clock_GetMainClockRate)
    i.Chip_Clock_GetMain_A_ClockRate         0x00000bf4   Section        0  clock_15xx.o(i.Chip_Clock_GetMain_A_ClockRate)
    i.Chip_Clock_GetMain_B_ClockRate         0x00000c28   Section        0  clock_15xx.o(i.Chip_Clock_GetMain_B_ClockRate)
    i.Chip_Clock_GetPLLFreq                  0x00000c5c   Section        0  clock_15xx.o(i.Chip_Clock_GetPLLFreq)
    Chip_Clock_GetPLLFreq                    0x00000c5d   Thumb Code    12  clock_15xx.o(i.Chip_Clock_GetPLLFreq)
    i.Chip_Clock_GetPLLInClockRate           0x00000c68   Section        0  clock_15xx.o(i.Chip_Clock_GetPLLInClockRate)
    Chip_Clock_GetPLLInClockRate             0x00000c69   Thumb Code    24  clock_15xx.o(i.Chip_Clock_GetPLLInClockRate)
    i.Chip_Clock_GetSystemClockRate          0x00000c88   Section        0  clock_15xx.o(i.Chip_Clock_GetSystemClockRate)
    i.Chip_Clock_GetSystemPLLInClockRate     0x00000ca0   Section        0  clock_15xx.o(i.Chip_Clock_GetSystemPLLInClockRate)
    i.Chip_Clock_GetSystemPLLOutClockRate    0x00000cb0   Section        0  clock_15xx.o(i.Chip_Clock_GetSystemPLLOutClockRate)
    i.Chip_Clock_GetUARTBaseClockRate        0x00000ccc   Section        0  clock_15xx.o(i.Chip_Clock_GetUARTBaseClockRate)
    i.Chip_Clock_SetMainClockSource          0x00000d0c   Section        0  clock_15xx.o(i.Chip_Clock_SetMainClockSource)
    i.Chip_Clock_SetUARTBaseClockRate        0x00000d2c   Section        0  clock_15xx.o(i.Chip_Clock_SetUARTBaseClockRate)
    i.Chip_FMC_SetFLASHAccess                0x00000d7c   Section        0  sysinit_15xx.o(i.Chip_FMC_SetFLASHAccess)
    Chip_FMC_SetFLASHAccess                  0x00000d7d   Thumb Code    24  sysinit_15xx.o(i.Chip_FMC_SetFLASHAccess)
    i.Chip_GPIO_Init                         0x00000d98   Section        0  gpio_15xx.o(i.Chip_GPIO_Init)
    i.Chip_IOCON_SetPinMuxing                0x00000dc4   Section        0  iocon_15xx.o(i.Chip_IOCON_SetPinMuxing)
    i.Chip_SWM_MovablePinAssign              0x00000de8   Section        0  swm_15xx.o(i.Chip_SWM_MovablePinAssign)
    i.Chip_SWM_MovablePortPinAssign          0x00000e0c   Section        0  board.o(i.Chip_SWM_MovablePortPinAssign)
    Chip_SWM_MovablePortPinAssign            0x00000e0d   Thumb Code    10  board.o(i.Chip_SWM_MovablePortPinAssign)
    i.Chip_SYSCTL_AssertPeriphReset          0x00000e18   Section        0  sysctl_15xx.o(i.Chip_SYSCTL_AssertPeriphReset)
    i.Chip_SYSCTL_DeassertPeriphReset        0x00000e3c   Section        0  sysctl_15xx.o(i.Chip_SYSCTL_DeassertPeriphReset)
    i.Chip_SYSCTL_PeriphReset                0x00000e60   Section        0  uart_15xx.o(i.Chip_SYSCTL_PeriphReset)
    Chip_SYSCTL_PeriphReset                  0x00000e61   Thumb Code    18  uart_15xx.o(i.Chip_SYSCTL_PeriphReset)
    i.Chip_SYSCTL_PowerDown                  0x00000e74   Section        0  sysctl_15xx.o(i.Chip_SYSCTL_PowerDown)
    i.Chip_SYSCTL_PowerUp                    0x00000e90   Section        0  sysctl_15xx.o(i.Chip_SYSCTL_PowerUp)
    i.Chip_SetupXtalClocking                 0x00000eac   Section        0  sysinit_15xx.o(i.Chip_SetupXtalClocking)
    i.Chip_UART_Init                         0x00000f0c   Section        0  uart_15xx.o(i.Chip_UART_Init)
    i.Chip_UART_Send                         0x00000f40   Section        0  uart_15xx.o(i.Chip_UART_Send)
    i.Chip_UART_SendBlocking                 0x00000f5c   Section        0  uart_15xx.o(i.Chip_UART_SendBlocking)
    i.Chip_UART_SetBaud                      0x00000f80   Section        0  uart_15xx.o(i.Chip_UART_SetBaud)
    i.SysTick_Handler                        0x00000f98   Section        0  port.o(i.SysTick_Handler)
    i.SystemCoreClockUpdate                  0x00000fb8   Section        0  chip_15xx.o(i.SystemCoreClockUpdate)
    i.SystemInit                             0x00000fc8   Section        0  sysinit.o(i.SystemInit)
    i._sys_exit                              0x00000fd0   Section        0  board.o(i._sys_exit)
    i.ferror                                 0x00000fd4   Section        0  board.o(i.ferror)
    i.fputc                                  0x00000fda   Section        0  board.o(i.fputc)
    i.getUARTClockID                         0x00000fe8   Section        0  uart_15xx.o(i.getUARTClockID)
    getUARTClockID                           0x00000fe9   Thumb Code    24  uart_15xx.o(i.getUARTClockID)
    i.main                                   0x00001008   Section        0  main.o(i.main)
    i.prvAddCurrentTaskToDelayedList         0x000010b8   Section        0  tasks.o(i.prvAddCurrentTaskToDelayedList)
    prvAddCurrentTaskToDelayedList           0x000010b9   Thumb Code    62  tasks.o(i.prvAddCurrentTaskToDelayedList)
    i.prvAllocateTCBAndStack                 0x0000110c   Section        0  tasks.o(i.prvAllocateTCBAndStack)
    prvAllocateTCBAndStack                   0x0000110d   Thumb Code    66  tasks.o(i.prvAllocateTCBAndStack)
    i.prvCheckForValidListAndQueue           0x00001150   Section        0  timers.o(i.prvCheckForValidListAndQueue)
    prvCheckForValidListAndQueue             0x00001151   Thumb Code    86  timers.o(i.prvCheckForValidListAndQueue)
    i.prvCheckTasksWaitingTermination        0x000011c4   Section        0  tasks.o(i.prvCheckTasksWaitingTermination)
    prvCheckTasksWaitingTermination          0x000011c5   Thumb Code    86  tasks.o(i.prvCheckTasksWaitingTermination)
    i.prvCopyDataFromQueue                   0x00001228   Section        0  queue.o(i.prvCopyDataFromQueue)
    prvCopyDataFromQueue                     0x00001229   Thumb Code    42  queue.o(i.prvCopyDataFromQueue)
    i.prvCopyDataToQueue                     0x00001252   Section        0  queue.o(i.prvCopyDataToQueue)
    prvCopyDataToQueue                       0x00001253   Thumb Code   128  queue.o(i.prvCopyDataToQueue)
    i.prvDeleteTCB                           0x000012d2   Section        0  tasks.o(i.prvDeleteTCB)
    prvDeleteTCB                             0x000012d3   Thumb Code    18  tasks.o(i.prvDeleteTCB)
    i.prvGetNextExpireTime                   0x000012e4   Section        0  timers.o(i.prvGetNextExpireTime)
    prvGetNextExpireTime                     0x000012e5   Thumb Code    36  timers.o(i.prvGetNextExpireTime)
    i.prvIdleTask                            0x0000130c   Section        0  tasks.o(i.prvIdleTask)
    prvIdleTask                              0x0000130d   Thumb Code    24  tasks.o(i.prvIdleTask)
    i.prvInitialiseTCBVariables              0x00001328   Section        0  tasks.o(i.prvInitialiseTCBVariables)
    prvInitialiseTCBVariables                0x00001329   Thumb Code    98  tasks.o(i.prvInitialiseTCBVariables)
    i.prvInitialiseTaskLists                 0x0000138c   Section        0  tasks.o(i.prvInitialiseTaskLists)
    prvInitialiseTaskLists                   0x0000138d   Thumb Code    70  tasks.o(i.prvInitialiseTaskLists)
    i.prvInsertTimerInActiveList             0x000013f4   Section        0  timers.o(i.prvInsertTimerInActiveList)
    prvInsertTimerInActiveList               0x000013f5   Thumb Code    80  timers.o(i.prvInsertTimerInActiveList)
    i.prvIsQueueEmpty                        0x0000144c   Section        0  queue.o(i.prvIsQueueEmpty)
    prvIsQueueEmpty                          0x0000144d   Thumb Code    26  queue.o(i.prvIsQueueEmpty)
    i.prvIsQueueFull                         0x00001466   Section        0  queue.o(i.prvIsQueueFull)
    prvIsQueueFull                           0x00001467   Thumb Code    30  queue.o(i.prvIsQueueFull)
    i.prvProcessExpiredTimer                 0x00001484   Section        0  timers.o(i.prvProcessExpiredTimer)
    prvProcessExpiredTimer                   0x00001485   Thumb Code    82  timers.o(i.prvProcessExpiredTimer)
    i.prvProcessReceivedCommands             0x000014dc   Section        0  timers.o(i.prvProcessReceivedCommands)
    prvProcessReceivedCommands               0x000014dd   Thumb Code   216  timers.o(i.prvProcessReceivedCommands)
    i.prvProcessTimerOrBlockTask             0x000015b8   Section        0  timers.o(i.prvProcessTimerOrBlockTask)
    prvProcessTimerOrBlockTask               0x000015b9   Thumb Code    90  timers.o(i.prvProcessTimerOrBlockTask)
    i.prvResetNextTaskUnblockTime            0x0000161c   Section        0  tasks.o(i.prvResetNextTaskUnblockTime)
    prvResetNextTaskUnblockTime              0x0000161d   Thumb Code    42  tasks.o(i.prvResetNextTaskUnblockTime)
    i.prvSampleTimeNow                       0x00001650   Section        0  timers.o(i.prvSampleTimeNow)
    prvSampleTimeNow                         0x00001651   Thumb Code    40  timers.o(i.prvSampleTimeNow)
    i.prvSetupHardware                       0x0000167c   Section        0  main.o(i.prvSetupHardware)
    prvSetupHardware                         0x0000167d   Thumb Code    20  main.o(i.prvSetupHardware)
    i.prvSwitchTimerLists                    0x00001690   Section        0  timers.o(i.prvSwitchTimerLists)
    prvSwitchTimerLists                      0x00001691   Thumb Code   136  timers.o(i.prvSwitchTimerLists)
    i.prvTaskExitError                       0x00001720   Section        0  port.o(i.prvTaskExitError)
    prvTaskExitError                         0x00001721   Thumb Code    32  port.o(i.prvTaskExitError)
    i.prvTimerTask                           0x00001744   Section        0  timers.o(i.prvTimerTask)
    prvTimerTask                             0x00001745   Thumb Code    26  timers.o(i.prvTimerTask)
    i.prvUnlockQueue                         0x0000175e   Section        0  queue.o(i.prvUnlockQueue)
    prvUnlockQueue                           0x0000175f   Thumb Code   126  queue.o(i.prvUnlockQueue)
    i.pvPortMalloc                           0x000017dc   Section        0  heap_3.o(i.pvPortMalloc)
    i.pvTaskIncrementMutexHeldCount          0x000017fc   Section        0  tasks.o(i.pvTaskIncrementMutexHeldCount)
    i.pxPortInitialiseStack                  0x0000181c   Section        0  port.o(i.pxPortInitialiseStack)
    i.uxListRemove                           0x0000183c   Section        0  list.o(i.uxListRemove)
    i.vApplicationIdleHook                   0x00001864   Section        0  freertoscommonhooks.o(i.vApplicationIdleHook)
    i.vApplicationMallocFailedHook           0x00001868   Section        0  freertoscommonhooks.o(i.vApplicationMallocFailedHook)
    i.vApplicationStackOverflowHook          0x000018a0   Section        0  freertoscommonhooks.o(i.vApplicationStackOverflowHook)
    i.vApplicationTickHook                   0x000018e4   Section        0  freertoscommonhooks.o(i.vApplicationTickHook)
    i.vLEDTask1                              0x000018e6   Section        0  main.o(i.vLEDTask1)
    vLEDTask1                                0x000018e7   Thumb Code    24  main.o(i.vLEDTask1)
    i.vLEDTask2                              0x000018fe   Section        0  main.o(i.vLEDTask2)
    vLEDTask2                                0x000018ff   Thumb Code    24  main.o(i.vLEDTask2)
    i.vLEDTask3                              0x00001916   Section        0  main.o(i.vLEDTask3)
    vLEDTask3                                0x00001917   Thumb Code    24  main.o(i.vLEDTask3)
    i.vListInitialise                        0x0000192e   Section        0  list.o(i.vListInitialise)
    i.vListInitialiseItem                    0x00001948   Section        0  list.o(i.vListInitialiseItem)
    i.vListInsert                            0x0000194e   Section        0  list.o(i.vListInsert)
    i.vListInsertEnd                         0x00001982   Section        0  list.o(i.vListInsertEnd)
    i.vPortEnterCritical                     0x0000199c   Section        0  port.o(i.vPortEnterCritical)
    i.vPortExitCritical                      0x000019e0   Section        0  port.o(i.vPortExitCritical)
    i.vPortFree                              0x00001a0c   Section        0  heap_3.o(i.vPortFree)
    i.vPortSetupTimerInterrupt               0x00001a24   Section        0  port.o(i.vPortSetupTimerInterrupt)
    i.vPortValidateInterruptPriority         0x00001a38   Section        0  port.o(i.vPortValidateInterruptPriority)
    i.vPortYield                             0x00001a94   Section        0  port.o(i.vPortYield)
    i.vQueueAddToRegistry                    0x00001aac   Section        0  queue.o(i.vQueueAddToRegistry)
    i.vQueueWaitForMessageRestricted         0x00001ad8   Section        0  queue.o(i.vQueueWaitForMessageRestricted)
    i.vTaskDelay                             0x00001b1c   Section        0  tasks.o(i.vTaskDelay)
    i.vTaskMissedYield                       0x00001b8c   Section        0  tasks.o(i.vTaskMissedYield)
    i.vTaskPlaceOnEventList                  0x00001b98   Section        0  tasks.o(i.vTaskPlaceOnEventList)
    i.vTaskPlaceOnEventListRestricted        0x00001c08   Section        0  tasks.o(i.vTaskPlaceOnEventListRestricted)
    i.vTaskPriorityInherit                   0x00001c7c   Section        0  tasks.o(i.vTaskPriorityInherit)
    i.vTaskSetTimeOutState                   0x00001d2c   Section        0  tasks.o(i.vTaskSetTimeOutState)
    i.vTaskStartScheduler                    0x00001d50   Section        0  tasks.o(i.vTaskStartScheduler)
    i.vTaskSuspendAll                        0x00001db8   Section        0  tasks.o(i.vTaskSuspendAll)
    i.vTaskSwitchContext                     0x00001dc8   Section        0  tasks.o(i.vTaskSwitchContext)
    i.vUARTTask                              0x00001e7c   Section        0  main.o(i.vUARTTask)
    vUARTTask                                0x00001e7d   Thumb Code    24  main.o(i.vUARTTask)
    i.xPortStartScheduler                    0x00001ea0   Section        0  port.o(i.xPortStartScheduler)
    i.xQueueGenericCreate                    0x00001f40   Section        0  queue.o(i.xQueueGenericCreate)
    i.xQueueGenericReceive                   0x00001faa   Section        0  queue.o(i.xQueueGenericReceive)
    i.xQueueGenericReset                     0x00002104   Section        0  queue.o(i.xQueueGenericReset)
    i.xQueueGenericSend                      0x0000217c   Section        0  queue.o(i.xQueueGenericSend)
    i.xQueueGenericSendFromISR               0x000022be   Section        0  queue.o(i.xQueueGenericSendFromISR)
    i.xTaskCheckForTimeOut                   0x0000236c   Section        0  tasks.o(i.xTaskCheckForTimeOut)
    i.xTaskGenericCreate                     0x000023e0   Section        0  tasks.o(i.xTaskGenericCreate)
    i.xTaskGetSchedulerState                 0x00002518   Section        0  tasks.o(i.xTaskGetSchedulerState)
    i.xTaskGetTickCount                      0x00002538   Section        0  tasks.o(i.xTaskGetTickCount)
    i.xTaskIncrementTick                     0x00002544   Section        0  tasks.o(i.xTaskIncrementTick)
    i.xTaskPriorityDisinherit                0x00002690   Section        0  tasks.o(i.xTaskPriorityDisinherit)
    i.xTaskRemoveFromEventList               0x0000273c   Section        0  tasks.o(i.xTaskRemoveFromEventList)
    i.xTaskResumeAll                         0x000027c8   Section        0  tasks.o(i.xTaskResumeAll)
    i.xTimerCreateTimerTask                  0x000028b0   Section        0  timers.o(i.xTimerCreateTimerTask)
    i.xTimerGenericCommand                   0x000028f8   Section        0  timers.o(i.xTimerGenericCommand)
    .constdata                               0x0000296c   Section        4  board.o(.constdata)
    .constdata                               0x00002970   Section        4  board.o(.constdata)
    .constdata                               0x00002974   Section       21  board.o(.constdata)
    ledpins                                  0x00002974   Data           3  board.o(.constdata)
    ledports                                 0x00002977   Data           3  board.o(.constdata)
    portButton                               0x0000297a   Data           5  board.o(.constdata)
    pinButton                                0x0000297f   Data           5  board.o(.constdata)
    stateButton                              0x00002984   Data           5  board.o(.constdata)
    .constdata                               0x0000298c   Section      124  board_sysinit.o(.constdata)
    swmSetup                                 0x0000298c   Data           6  board_sysinit.o(.constdata)
    ioconSetup                               0x00002994   Data         116  board_sysinit.o(.constdata)
    .data                                    0x02000000   Section       56  tasks.o(.data)
    pxDelayedTaskList                        0x02000004   Data           4  tasks.o(.data)
    pxOverflowDelayedTaskList                0x02000008   Data           4  tasks.o(.data)
    uxTasksDeleted                           0x0200000c   Data           4  tasks.o(.data)
    uxCurrentNumberOfTasks                   0x02000010   Data           4  tasks.o(.data)
    xTickCount                               0x02000014   Data           4  tasks.o(.data)
    uxTopReadyPriority                       0x02000018   Data           4  tasks.o(.data)
    xSchedulerRunning                        0x0200001c   Data           4  tasks.o(.data)
    uxPendedTicks                            0x02000020   Data           4  tasks.o(.data)
    xYieldPending                            0x02000024   Data           4  tasks.o(.data)
    xNumOfOverflows                          0x02000028   Data           4  tasks.o(.data)
    uxTaskNumber                             0x0200002c   Data           4  tasks.o(.data)
    xNextTaskUnblockTime                     0x02000030   Data           4  tasks.o(.data)
    uxSchedulerSuspended                     0x02000034   Data           4  tasks.o(.data)
    .data                                    0x02000038   Section       16  timers.o(.data)
    pxCurrentTimerList                       0x02000038   Data           4  timers.o(.data)
    pxOverflowTimerList                      0x0200003c   Data           4  timers.o(.data)
    xTimerQueue                              0x02000040   Data           4  timers.o(.data)
    xLastTime                                0x02000044   Data           4  timers.o(.data)
    .data                                    0x02000048   Section       12  port.o(.data)
    uxCriticalNesting                        0x02000048   Data           4  port.o(.data)
    ucMaxSysCallPriority                     0x0200004c   Data           1  port.o(.data)
    ulMaxPRIGROUPValue                       0x02000050   Data           4  port.o(.data)
    .data                                    0x02000054   Section        4  board.o(.data)
    .data                                    0x02000058   Section        4  chip_15xx.o(.data)
    .bss                                     0x0200005c   Section       64  queue.o(.bss)
    .bss                                     0x0200009c   Section      200  tasks.o(.bss)
    pxReadyTasksLists                        0x0200009c   Data         100  tasks.o(.bss)
    xDelayedTaskList1                        0x02000100   Data          20  tasks.o(.bss)
    xDelayedTaskList2                        0x02000114   Data          20  tasks.o(.bss)
    xPendingReadyList                        0x02000128   Data          20  tasks.o(.bss)
    xTasksWaitingTermination                 0x0200013c   Data          20  tasks.o(.bss)
    xSuspendedTaskList                       0x02000150   Data          20  tasks.o(.bss)
    .bss                                     0x02000164   Section       40  timers.o(.bss)
    xActiveTimerList1                        0x02000164   Data          20  timers.o(.bss)
    xActiveTimerList2                        0x02000178   Data          20  timers.o(.bss)
    .bss                                     0x0200018c   Section       96  libspace.o(.bss)
    HEAP                                     0x020001f0   Section      256  keil_startup_lpc15xx.o(HEAP)
    Heap_Mem                                 0x020001f0   Data         256  keil_startup_lpc15xx.o(HEAP)
    STACK                                    0x020002f0   Section      512  keil_startup_lpc15xx.o(STACK)
    Stack_Mem                                0x020002f0   Data         512  keil_startup_lpc15xx.o(STACK)
    __initial_sp                             0x020004f0   Data           0  keil_startup_lpc15xx.o(STACK)

    Global Symbols

    Symbol Name                              Value     Ov Type        Size  Object(Section)

    BuildAttributes$$THM_ISAv4$P$D$K$B$S$PE$A:L22UL41UL21$X:L11$S22US41US21$IEEE1$IW$USESV6$~STKCKD$USESV7$~SHL$OTIME$ROPI$EBA8$UX$STANDARDLIB$REQ8$PRES8$EABIv2 0x00000000   Number         0  anon$$obj.o ABSOLUTE
    __ARM_use_no_argv                        0x00000000   Number         0  main.o ABSOLUTE
    __Vectors                                0x00000000   Data           4  keil_startup_lpc15xx.o(RESET)
    __ARM_exceptions_init                     - Undefined Weak Reference
    __alloca_initialize                       - Undefined Weak Reference
    __arm_preinit_                            - Undefined Weak Reference
    __cpp_initialize__aeabi_                  - Undefined Weak Reference
    __cxa_finalize                            - Undefined Weak Reference
    __rt_locale                               - Undefined Weak Reference
    __sigvec_lookup                           - Undefined Weak Reference
    __user_heap_extent                        - Undefined Weak Reference
    _atexit_init                              - Undefined Weak Reference
    _call_atexit_fns                          - Undefined Weak Reference
    _clock_init                               - Undefined Weak Reference
    _fp_trap_init                             - Undefined Weak Reference
    _fp_trap_shutdown                         - Undefined Weak Reference
    _get_lc_collate                           - Undefined Weak Reference
    _get_lc_ctype                             - Undefined Weak Reference
    _get_lc_monetary                          - Undefined Weak Reference
    _get_lc_numeric                           - Undefined Weak Reference
    _get_lc_time                              - Undefined Weak Reference
    _getenv_init                              - Undefined Weak Reference
    _handle_redirection                       - Undefined Weak Reference
    _initio                                   - Undefined Weak Reference
    _mutex_acquire                            - Undefined Weak Reference
    _mutex_free                               - Undefined Weak Reference
    _mutex_release                            - Undefined Weak Reference
    _printf_mbtowc                            - Undefined Weak Reference
    _printf_post_padding                      - Undefined Weak Reference
    _printf_pre_padding                       - Undefined Weak Reference
    _printf_truncate_signed                   - Undefined Weak Reference
    _printf_truncate_unsigned                 - Undefined Weak Reference
    _rand_init                                - Undefined Weak Reference
    _signal_finish                            - Undefined Weak Reference
    _signal_init                              - Undefined Weak Reference
    _terminateio                              - Undefined Weak Reference
    __main                                   0x000000fd   Thumb Code     8  __main.o(!!!main)
    __scatterload                            0x00000105   Thumb Code     0  __scatter.o(!!!scatter)
    __scatterload_rt2                        0x00000105   Thumb Code    44  __scatter.o(!!!scatter)
    __scatterload_rt2_thumb_only             0x00000105   Thumb Code     0  __scatter.o(!!!scatter)
    __scatterload_null                       0x00000113   Thumb Code     0  __scatter.o(!!!scatter)
    __scatterload_copy                       0x00000139   Thumb Code    26  __scatter_copy.o(!!handler_copy)
    __scatterload_zeroinit                   0x00000155   Thumb Code    28  __scatter_zi.o(!!handler_zi)
    _printf_d                                0x00000171   Thumb Code     0  _printf_d.o(.ARM.Collect$$_printf_percent$$00000009)
    _printf_percent                          0x00000171   Thumb Code     0  _printf_percent.o(.ARM.Collect$$_printf_percent$$00000000)
    _printf_s                                0x00000177   Thumb Code     0  _printf_s.o(.ARM.Collect$$_printf_percent$$00000014)
    _printf_percent_end                      0x0000017d   Thumb Code     0  _printf_percent_end.o(.ARM.Collect$$_printf_percent$$00000017)
    __rt_lib_init                            0x00000181   Thumb Code     0  libinit.o(.ARM.Collect$$libinit$$00000000)
    __rt_lib_init_fp_1                       0x00000183   Thumb Code     0  libinit2.o(.ARM.Collect$$libinit$$00000002)
    __rt_lib_init_heap_2                     0x00000183   Thumb Code     0  libinit2.o(.ARM.Collect$$libinit$$00000005)
    __rt_lib_init_preinit_1                  0x00000183   Thumb Code     0  libinit2.o(.ARM.Collect$$libinit$$00000004)
    __rt_lib_init_alloca_1                   0x0000018b   Thumb Code     0  libinit2.o(.ARM.Collect$$libinit$$0000002E)
    __rt_lib_init_argv_1                     0x0000018b   Thumb Code     0  libinit2.o(.ARM.Collect$$libinit$$0000002C)
    __rt_lib_init_atexit_1                   0x0000018b   Thumb Code     0  libinit2.o(.ARM.Collect$$libinit$$0000001B)
    __rt_lib_init_clock_1                    0x0000018b   Thumb Code     0  libinit2.o(.ARM.Collect$$libinit$$00000021)
    __rt_lib_init_cpp_1                      0x0000018b   Thumb Code     0  libinit2.o(.ARM.Collect$$libinit$$00000032)
    __rt_lib_init_exceptions_1               0x0000018b   Thumb Code     0  libinit2.o(.ARM.Collect$$libinit$$00000030)
    __rt_lib_init_fp_trap_1                  0x0000018b   Thumb Code     0  libinit2.o(.ARM.Collect$$libinit$$0000001F)
    __rt_lib_init_getenv_1                   0x0000018b   Thumb Code     0  libinit2.o(.ARM.Collect$$libinit$$00000023)
    __rt_lib_init_heap_1                     0x0000018b   Thumb Code     0  libinit2.o(.ARM.Collect$$libinit$$0000000A)
    __rt_lib_init_lc_collate_1               0x0000018b   Thumb Code     0  libinit2.o(.ARM.Collect$$libinit$$00000011)
    __rt_lib_init_lc_ctype_1                 0x0000018b   Thumb Code     0  libinit2.o(.ARM.Collect$$libinit$$00000013)
    __rt_lib_init_lc_monetary_1              0x0000018b   Thumb Code     0  libinit2.o(.ARM.Collect$$libinit$$00000015)
    __rt_lib_init_lc_numeric_1               0x0000018b   Thumb Code     0  libinit2.o(.ARM.Collect$$libinit$$00000017)
    __rt_lib_init_lc_time_1                  0x0000018b   Thumb Code     0  libinit2.o(.ARM.Collect$$libinit$$00000019)
    __rt_lib_init_rand_1                     0x0000018b   Thumb Code     0  libinit2.o(.ARM.Collect$$libinit$$0000000E)
    __rt_lib_init_return                     0x0000018b   Thumb Code     0  libinit2.o(.ARM.Collect$$libinit$$00000033)
    __rt_lib_init_signal_1                   0x0000018b   Thumb Code     0  libinit2.o(.ARM.Collect$$libinit$$0000001D)
    __rt_lib_init_stdio_1                    0x0000018b   Thumb Code     0  libinit2.o(.ARM.Collect$$libinit$$00000025)
    __rt_lib_init_user_alloc_1               0x0000018b   Thumb Code     0  libinit2.o(.ARM.Collect$$libinit$$0000000C)
    __rt_lib_shutdown                        0x0000018d   Thumb Code     0  libshutdown.o(.ARM.Collect$$libshutdown$$00000000)
    __rt_lib_shutdown_cpp_1                  0x0000018f   Thumb Code     0  libshutdown2.o(.ARM.Collect$$libshutdown$$00000002)
    __rt_lib_shutdown_fp_trap_1              0x0000018f   Thumb Code     0  libshutdown2.o(.ARM.Collect$$libshutdown$$00000007)
    __rt_lib_shutdown_heap_1                 0x0000018f   Thumb Code     0  libshutdown2.o(.ARM.Collect$$libshutdown$$0000000F)
    __rt_lib_shutdown_return                 0x0000018f   Thumb Code     0  libshutdown2.o(.ARM.Collect$$libshutdown$$00000010)
    __rt_lib_shutdown_signal_1               0x0000018f   Thumb Code     0  libshutdown2.o(.ARM.Collect$$libshutdown$$0000000A)
    __rt_lib_shutdown_stdio_1                0x0000018f   Thumb Code     0  libshutdown2.o(.ARM.Collect$$libshutdown$$00000004)
    __rt_lib_shutdown_user_alloc_1           0x0000018f   Thumb Code     0  libshutdown2.o(.ARM.Collect$$libshutdown$$0000000C)
    __rt_entry                               0x00000191   Thumb Code     0  __rtentry.o(.ARM.Collect$$rtentry$$00000000)
    __rt_entry_presh_1                       0x00000191   Thumb Code     0  __rtentry2.o(.ARM.Collect$$rtentry$$00000002)
    __rt_entry_sh                            0x00000191   Thumb Code     0  __rtentry4.o(.ARM.Collect$$rtentry$$00000004)
    __rt_entry_li                            0x00000197   Thumb Code     0  __rtentry2.o(.ARM.Collect$$rtentry$$0000000A)
    __rt_entry_postsh_1                      0x00000197   Thumb Code     0  __rtentry2.o(.ARM.Collect$$rtentry$$00000009)
    __rt_entry_main                          0x0000019b   Thumb Code     0  __rtentry2.o(.ARM.Collect$$rtentry$$0000000D)
    __rt_entry_postli_1                      0x0000019b   Thumb Code     0  __rtentry2.o(.ARM.Collect$$rtentry$$0000000C)
    __rt_exit                                0x000001a3   Thumb Code     0  rtexit.o(.ARM.Collect$$rtexit$$00000000)
    __rt_exit_ls                             0x000001a5   Thumb Code     0  rtexit2.o(.ARM.Collect$$rtexit$$00000003)
    __rt_exit_prels_1                        0x000001a5   Thumb Code     0  rtexit2.o(.ARM.Collect$$rtexit$$00000002)
    __rt_exit_exit                           0x000001a9   Thumb Code     0  rtexit2.o(.ARM.Collect$$rtexit$$00000004)
    SVC_Handler                              0x000001b1   Thumb Code    32  port.o(.emb_text)
    __asm___6_port_c_39a90d8d__prvStartFirstTask 0x000001d5   Thumb Code    28  port.o(.emb_text)
    PendSV_Handler                           0x000001f5   Thumb Code    64  port.o(.emb_text)
    ulPortSetInterruptMask                   0x00000239   Thumb Code    14  port.o(.emb_text)
    vPortClearInterruptMask                  0x00000247   Thumb Code     6  port.o(.emb_text)
    vPortGetIPSR                             0x0000024d   Thumb Code     6  port.o(.emb_text)
    Reset_Handler                            0x00000255   Thumb Code     8  keil_startup_lpc15xx.o(.text)
    _maybe_terminate_alloc                   0x00000255   Thumb Code     0  maybetermalloc1.o(.emb_text)
    NMI_Handler                              0x0000025d   Thumb Code     2  keil_startup_lpc15xx.o(.text)
    HardFault_Handler                        0x0000025f   Thumb Code     2  keil_startup_lpc15xx.o(.text)
    Reserved_IRQHandler                      0x00000267   Thumb Code     2  keil_startup_lpc15xx.o(.text)
    ACMP0_IRQHandler                         0x00000269   Thumb Code     0  keil_startup_lpc15xx.o(.text)
    ACMP1_IRQHandler                         0x00000269   Thumb Code     0  keil_startup_lpc15xx.o(.text)
    ACMP2_IRQHandler                         0x00000269   Thumb Code     0  keil_startup_lpc15xx.o(.text)
    ACMP3_IRQHandler                         0x00000269   Thumb Code     0  keil_startup_lpc15xx.o(.text)
    ADC0A_IRQHandler                         0x00000269   Thumb Code     0  keil_startup_lpc15xx.o(.text)
    ADC0B_IRQHandler                         0x00000269   Thumb Code     0  keil_startup_lpc15xx.o(.text)
    ADC0_OVR_IRQHandler                      0x00000269   Thumb Code     0  keil_startup_lpc15xx.o(.text)
    ADC0_THCMP_IRQHandler                    0x00000269   Thumb Code     0  keil_startup_lpc15xx.o(.text)
    ADC1A_IRQHandler                         0x00000269   Thumb Code     0  keil_startup_lpc15xx.o(.text)
    ADC1B_IRQHandler                         0x00000269   Thumb Code     0  keil_startup_lpc15xx.o(.text)
    ADC1_OVR_IRQHandler                      0x00000269   Thumb Code     0  keil_startup_lpc15xx.o(.text)
    ADC1_THCMP_IRQHandler                    0x00000269   Thumb Code     0  keil_startup_lpc15xx.o(.text)
    BOD_IRQHandler                           0x00000269   Thumb Code     0  keil_startup_lpc15xx.o(.text)
    CAN_IRQHandler                           0x00000269   Thumb Code     0  keil_startup_lpc15xx.o(.text)
    DAC_IRQHandler                           0x00000269   Thumb Code     0  keil_startup_lpc15xx.o(.text)
    DMA_IRQHandler                           0x00000269   Thumb Code     0  keil_startup_lpc15xx.o(.text)
    EEPROM_IRQHandler                        0x00000269   Thumb Code     0  keil_startup_lpc15xx.o(.text)
    FMC_IRQHandler                           0x00000269   Thumb Code     0  keil_startup_lpc15xx.o(.text)
    GINT0_IRQHandler                         0x00000269   Thumb Code     0  keil_startup_lpc15xx.o(.text)
    GINT1_IRQHandler                         0x00000269   Thumb Code     0  keil_startup_lpc15xx.o(.text)
    I2C0_IRQHandler                          0x00000269   Thumb Code     0  keil_startup_lpc15xx.o(.text)
    MRT_IRQHandler                           0x00000269   Thumb Code     0  keil_startup_lpc15xx.o(.text)
    PIN_INT0_IRQHandler                      0x00000269   Thumb Code     0  keil_startup_lpc15xx.o(.text)
    PIN_INT1_IRQHandler                      0x00000269   Thumb Code     0  keil_startup_lpc15xx.o(.text)
    PIN_INT2_IRQHandler                      0x00000269   Thumb Code     0  keil_startup_lpc15xx.o(.text)
    PIN_INT3_IRQHandler                      0x00000269   Thumb Code     0  keil_startup_lpc15xx.o(.text)
    PIN_INT4_IRQHandler                      0x00000269   Thumb Code     0  keil_startup_lpc15xx.o(.text)
    PIN_INT5_IRQHandler                      0x00000269   Thumb Code     0  keil_startup_lpc15xx.o(.text)
    PIN_INT6_IRQHandler                      0x00000269   Thumb Code     0  keil_startup_lpc15xx.o(.text)
    PIN_INT7_IRQHandler                      0x00000269   Thumb Code     0  keil_startup_lpc15xx.o(.text)
    QEI_IRQHandler                           0x00000269   Thumb Code     0  keil_startup_lpc15xx.o(.text)
    RIT_IRQHandler                           0x00000269   Thumb Code     0  keil_startup_lpc15xx.o(.text)
    RTC_ALARM_IRQHandler                     0x00000269   Thumb Code     0  keil_startup_lpc15xx.o(.text)
    RTC_WAKE_IRQHandler                      0x00000269   Thumb Code     0  keil_startup_lpc15xx.o(.text)
    SCT0_IRQHandler                          0x00000269   Thumb Code     0  keil_startup_lpc15xx.o(.text)
    SCT1_IRQHandler                          0x00000269   Thumb Code     0  keil_startup_lpc15xx.o(.text)
    SCT2_IRQHandler                          0x00000269   Thumb Code     0  keil_startup_lpc15xx.o(.text)
    SCT3_IRQHandler                          0x00000269   Thumb Code     0  keil_startup_lpc15xx.o(.text)
    SPI0_IRQHandler                          0x00000269   Thumb Code     0  keil_startup_lpc15xx.o(.text)
    SPI1_IRQHandler                          0x00000269   Thumb Code     0  keil_startup_lpc15xx.o(.text)
    UART0_IRQHandler                         0x00000269   Thumb Code     0  keil_startup_lpc15xx.o(.text)
    UART1_IRQHandler                         0x00000269   Thumb Code     0  keil_startup_lpc15xx.o(.text)
    UART2_IRQHandler                         0x00000269   Thumb Code     0  keil_startup_lpc15xx.o(.text)
    USBWakeup_IRQHandler                     0x00000269   Thumb Code     0  keil_startup_lpc15xx.o(.text)
    USB_FIQHandler                           0x00000269   Thumb Code     0  keil_startup_lpc15xx.o(.text)
    USB_IRQHandler                           0x00000269   Thumb Code     0  keil_startup_lpc15xx.o(.text)
    WDT_IRQHandler                           0x00000269   Thumb Code     0  keil_startup_lpc15xx.o(.text)
    __user_initial_stackheap                 0x0000026d   Thumb Code     0  keil_startup_lpc15xx.o(.text)
    malloc                                   0x00000291   Thumb Code    94  h1_alloc.o(.text)
    __use_two_region_memory                  0x000002ef   Thumb Code     2  heapauxi.o(.text)
    __rt_heap_escrow                         0x000002f1   Thumb Code     2  heapauxi.o(.text)
    __rt_heap_expand                         0x000002f3   Thumb Code     2  heapauxi.o(.text)
    __rt_heap_descriptor                     0x000002f5   Thumb Code     8  rt_heap_descriptor_intlibspace.o(.text)
    free                                     0x00000301   Thumb Code    78  h1_free.o(.text)
    __aeabi_uldivmod                         0x0000034f   Thumb Code     0  lludivv7m.o(.text)
    _ll_udiv                                 0x0000034f   Thumb Code   238  lludivv7m.o(.text)
    __2printf                                0x0000043d   Thumb Code    20  noretval__2printf.o(.text)
    __printf                                 0x00000455   Thumb Code   104  __printf.o(.text)
    _printf_str                              0x000004bd   Thumb Code    82  _printf_str.o(.text)
    _printf_int_dec                          0x00000511   Thumb Code   104  _printf_dec.o(.text)
    __aeabi_memcpy                           0x00000589   Thumb Code     0  rt_memcpy_v6.o(.text)
    __rt_memcpy                              0x00000589   Thumb Code   138  rt_memcpy_v6.o(.text)
    _memcpy_lastbytes                        0x000005ef   Thumb Code     0  rt_memcpy_v6.o(.text)
    __aeabi_memset                           0x00000613   Thumb Code    16  aeabi_memset.o(.text)
    __use_no_heap                            0x00000623   Thumb Code     2  hguard.o(.text)
    __heap$guard                             0x00000625   Thumb Code     2  hguard.o(.text)
    _terminate_user_alloc                    0x00000627   Thumb Code     2  init_alloc.o(.text)
    _init_user_alloc                         0x00000629   Thumb Code     2  init_alloc.o(.text)
    __Heap_Full                              0x0000062b   Thumb Code    34  init_alloc.o(.text)
    __Heap_Broken                            0x0000064d   Thumb Code     6  init_alloc.o(.text)
    _init_alloc                              0x00000653   Thumb Code    94  init_alloc.o(.text)
    __Heap_Initialize                        0x000006b1   Thumb Code    10  h1_init.o(.text)
    __Heap_DescSize                          0x000006bb   Thumb Code     4  h1_init.o(.text)
    _printf_int_common                       0x000006bf   Thumb Code   178  _printf_intcommon.o(.text)
    _printf_cs_common                        0x00000771   Thumb Code    20  _printf_char.o(.text)
    _printf_char                             0x00000785   Thumb Code    16  _printf_char.o(.text)
    _printf_string                           0x00000795   Thumb Code     8  _printf_char.o(.text)
    _printf_char_file                        0x0000079d   Thumb Code    32  _printf_char_file.o(.text)
    __aeabi_memcpy4                          0x000007c1   Thumb Code     0  rt_memcpy_w.o(.text)
    __aeabi_memcpy8                          0x000007c1   Thumb Code     0  rt_memcpy_w.o(.text)
    __rt_memcpy_w                            0x000007c1   Thumb Code   100  rt_memcpy_w.o(.text)
    _memcpy_lastbytes_aligned                0x00000809   Thumb Code     0  rt_memcpy_w.o(.text)
    __aeabi_memclr                           0x00000825   Thumb Code     0  rt_memclr.o(.text)
    __rt_memclr                              0x00000825   Thumb Code    68  rt_memclr.o(.text)
    _memset                                  0x00000829   Thumb Code     0  rt_memclr.o(.text)
    __user_libspace                          0x00000869   Thumb Code     8  libspace.o(.text)
    __user_perproc_libspace                  0x00000869   Thumb Code     0  libspace.o(.text)
    __user_perthread_libspace                0x00000869   Thumb Code     0  libspace.o(.text)
    __Heap_ProvideMemory                     0x00000871   Thumb Code    52  h1_extend.o(.text)
    _printf_char_common                      0x000008af   Thumb Code    32  _printf_char_common.o(.text)
    __rt_SIGRTMEM                            0x000008d5   Thumb Code    14  defsig_rtmem_outer.o(.text)
    __aeabi_memclr4                          0x000008e3   Thumb Code     0  rt_memclr_w.o(.text)
    __aeabi_memclr8                          0x000008e3   Thumb Code     0  rt_memclr_w.o(.text)
    __rt_memclr_w                            0x000008e3   Thumb Code    78  rt_memclr_w.o(.text)
    _memset_w                                0x000008e7   Thumb Code     0  rt_memclr_w.o(.text)
    __I$use$semihosting                      0x00000931   Thumb Code     0  use_no_semi.o(.text)
    __use_no_semihosting_swi                 0x00000931   Thumb Code     2  use_no_semi.o(.text)
    __semihosting_library_function           0x00000933   Thumb Code     0  indicate_semi.o(.text)
    __user_setup_stackheap                   0x00000933   Thumb Code    74  sys_stackheap_outer.o(.text)
    exit                                     0x0000097d   Thumb Code    18  exit.o(.text)
    __sig_exit                               0x0000098f   Thumb Code    10  defsig_exit.o(.text)
    __rt_SIGRTMEM_inner                      0x00000999   Thumb Code    22  defsig_rtmem_inner.o(.text)
    __default_signal_display                 0x000009e9   Thumb Code    50  defsig_general.o(.text)
    _ttywrch                                 0x00000a1b   Thumb Code    14  sys_wrch.o(.text)
    Board_Debug_Init                         0x00000a29   Thumb Code    88  board.o(i.Board_Debug_Init)
    Board_Init                               0x00000a89   Thumb Code    68  board.o(i.Board_Init)
    Board_LED_Set                            0x00000ad1   Thumb Code    32  board.o(i.Board_LED_Set)
    Board_SetupClocking                      0x00000af5   Thumb Code    50  board_sysinit.o(i.Board_SetupClocking)
    Board_SetupMuxing                        0x00000b2d   Thumb Code    72  board_sysinit.o(i.Board_SetupMuxing)
    Board_SystemInit                         0x00000b7d   Thumb Code    20  board_sysinit.o(i.Board_SystemInit)
    Board_UARTPutChar                        0x00000b95   Thumb Code    14  board.o(i.Board_UARTPutChar)
    Board_UARTPutSTR                         0x00000ba9   Thumb Code    20  board.o(i.Board_UARTPutSTR)
    Chip_Clock_EnablePeriphClock             0x00000bbd   Thumb Code    28  clock_15xx.o(i.Chip_Clock_EnablePeriphClock)
    Chip_Clock_GetMainClockRate              0x00000bdd   Thumb Code    20  clock_15xx.o(i.Chip_Clock_GetMainClockRate)
    Chip_Clock_GetMain_A_ClockRate           0x00000bf5   Thumb Code    36  clock_15xx.o(i.Chip_Clock_GetMain_A_ClockRate)
    Chip_Clock_GetMain_B_ClockRate           0x00000c29   Thumb Code    44  clock_15xx.o(i.Chip_Clock_GetMain_B_ClockRate)
    Chip_Clock_GetSystemClockRate            0x00000c89   Thumb Code    18  clock_15xx.o(i.Chip_Clock_GetSystemClockRate)
    Chip_Clock_GetSystemPLLInClockRate       0x00000ca1   Thumb Code    10  clock_15xx.o(i.Chip_Clock_GetSystemPLLInClockRate)
    Chip_Clock_GetSystemPLLOutClockRate      0x00000cb1   Thumb Code    22  clock_15xx.o(i.Chip_Clock_GetSystemPLLOutClockRate)
    Chip_Clock_GetUARTBaseClockRate          0x00000ccd   Thumb Code    60  clock_15xx.o(i.Chip_Clock_GetUARTBaseClockRate)
    Chip_Clock_SetMainClockSource            0x00000d0d   Thumb Code    26  clock_15xx.o(i.Chip_Clock_SetMainClockSource)
    Chip_Clock_SetUARTBaseClockRate          0x00000d2d   Thumb Code    76  clock_15xx.o(i.Chip_Clock_SetUARTBaseClockRate)
    Chip_GPIO_Init                           0x00000d99   Thumb Code    44  gpio_15xx.o(i.Chip_GPIO_Init)
    Chip_IOCON_SetPinMuxing                  0x00000dc5   Thumb Code    36  iocon_15xx.o(i.Chip_IOCON_SetPinMuxing)
    Chip_SWM_MovablePinAssign                0x00000de9   Thumb Code    30  swm_15xx.o(i.Chip_SWM_MovablePinAssign)
    Chip_SYSCTL_AssertPeriphReset            0x00000e19   Thumb Code    30  sysctl_15xx.o(i.Chip_SYSCTL_AssertPeriphReset)
    Chip_SYSCTL_DeassertPeriphReset          0x00000e3d   Thumb Code    30  sysctl_15xx.o(i.Chip_SYSCTL_DeassertPeriphReset)
    Chip_SYSCTL_PowerDown                    0x00000e75   Thumb Code    20  sysctl_15xx.o(i.Chip_SYSCTL_PowerDown)
    Chip_SYSCTL_PowerUp                      0x00000e91   Thumb Code    20  sysctl_15xx.o(i.Chip_SYSCTL_PowerUp)
    Chip_SetupXtalClocking                   0x00000ead   Thumb Code    92  sysinit_15xx.o(i.Chip_SetupXtalClocking)
    Chip_UART_Init                           0x00000f0d   Thumb Code    42  uart_15xx.o(i.Chip_UART_Init)
    Chip_UART_Send                           0x00000f41   Thumb Code    28  uart_15xx.o(i.Chip_UART_Send)
    Chip_UART_SendBlocking                   0x00000f5d   Thumb Code    36  uart_15xx.o(i.Chip_UART_SendBlocking)
    Chip_UART_SetBaud                        0x00000f81   Thumb Code    22  uart_15xx.o(i.Chip_UART_SetBaud)
    SysTick_Handler                          0x00000f99   Thumb Code    28  port.o(i.SysTick_Handler)
    SystemCoreClockUpdate                    0x00000fb9   Thumb Code    12  chip_15xx.o(i.SystemCoreClockUpdate)
    SystemInit                               0x00000fc9   Thumb Code     8  sysinit.o(i.SystemInit)
    _sys_exit                                0x00000fd1   Thumb Code     4  board.o(i._sys_exit)
    ferror                                   0x00000fd5   Thumb Code     6  board.o(i.ferror)
    fputc                                    0x00000fdb   Thumb Code    12  board.o(i.fputc)
    main                                     0x00001009   Thumb Code   112  main.o(i.main)
    pvPortMalloc                             0x000017dd   Thumb Code    30  heap_3.o(i.pvPortMalloc)
    pvTaskIncrementMutexHeldCount            0x000017fd   Thumb Code    26  tasks.o(i.pvTaskIncrementMutexHeldCount)
    pxPortInitialiseStack                    0x0000181d   Thumb Code    26  port.o(i.pxPortInitialiseStack)
    uxListRemove                             0x0000183d   Thumb Code    40  list.o(i.uxListRemove)
    vApplicationIdleHook                     0x00001865   Thumb Code     4  freertoscommonhooks.o(i.vApplicationIdleHook)
    vApplicationMallocFailedHook             0x00001869   Thumb Code    14  freertoscommonhooks.o(i.vApplicationMallocFailedHook)
    vApplicationStackOverflowHook            0x000018a1   Thumb Code    18  freertoscommonhooks.o(i.vApplicationStackOverflowHook)
    vApplicationTickHook                     0x000018e5   Thumb Code     2  freertoscommonhooks.o(i.vApplicationTickHook)
    vListInitialise                          0x0000192f   Thumb Code    26  list.o(i.vListInitialise)
    vListInitialiseItem                      0x00001949   Thumb Code     6  list.o(i.vListInitialiseItem)
    vListInsert                              0x0000194f   Thumb Code    52  list.o(i.vListInsert)
    vListInsertEnd                           0x00001983   Thumb Code    24  list.o(i.vListInsertEnd)
    vPortEnterCritical                       0x0000199d   Thumb Code    58  port.o(i.vPortEnterCritical)
    vPortExitCritical                        0x000019e1   Thumb Code    40  port.o(i.vPortExitCritical)
    vPortFree                                0x00001a0d   Thumb Code    22  heap_3.o(i.vPortFree)
    vPortSetupTimerInterrupt                 0x00001a25   Thumb Code    14  port.o(i.vPortSetupTimerInterrupt)
    vPortValidateInterruptPriority           0x00001a39   Thumb Code    78  port.o(i.vPortValidateInterruptPriority)
    vPortYield                               0x00001a95   Thumb Code    18  port.o(i.vPortYield)
    vQueueAddToRegistry                      0x00001aad   Thumb Code    38  queue.o(i.vQueueAddToRegistry)
    vQueueWaitForMessageRestricted           0x00001ad9   Thumb Code    66  queue.o(i.vQueueWaitForMessageRestricted)
    vTaskDelay                               0x00001b1d   Thumb Code    94  tasks.o(i.vTaskDelay)
    vTaskMissedYield                         0x00001b8d   Thumb Code     8  tasks.o(i.vTaskMissedYield)
    vTaskPlaceOnEventList                    0x00001b99   Thumb Code    94  tasks.o(i.vTaskPlaceOnEventList)
    vTaskPlaceOnEventListRestricted          0x00001c09   Thumb Code   100  tasks.o(i.vTaskPlaceOnEventListRestricted)
    vTaskPriorityInherit                     0x00001c7d   Thumb Code   164  tasks.o(i.vTaskPriorityInherit)
    vTaskSetTimeOutState                     0x00001d2d   Thumb Code    28  tasks.o(i.vTaskSetTimeOutState)
    vTaskStartScheduler                      0x00001d51   Thumb Code    80  tasks.o(i.vTaskStartScheduler)
    vTaskSuspendAll                          0x00001db9   Thumb Code    12  tasks.o(i.vTaskSuspendAll)
    vTaskSwitchContext                       0x00001dc9   Thumb Code   160  tasks.o(i.vTaskSwitchContext)
    xPortStartScheduler                      0x00001ea1   Thumb Code   140  port.o(i.xPortStartScheduler)
    xQueueGenericCreate                      0x00001f41   Thumb Code   106  queue.o(i.xQueueGenericCreate)
    xQueueGenericReceive                     0x00001fab   Thumb Code   346  queue.o(i.xQueueGenericReceive)
    xQueueGenericReset                       0x00002105   Thumb Code   120  queue.o(i.xQueueGenericReset)
    xQueueGenericSend                        0x0000217d   Thumb Code   322  queue.o(i.xQueueGenericSend)
    xQueueGenericSendFromISR                 0x000022bf   Thumb Code   172  queue.o(i.xQueueGenericSendFromISR)
    xTaskCheckForTimeOut                     0x0000236d   Thumb Code   108  tasks.o(i.xTaskCheckForTimeOut)
    xTaskGenericCreate                       0x000023e1   Thumb Code   288  tasks.o(i.xTaskGenericCreate)
    xTaskGetSchedulerState                   0x00002519   Thumb Code    24  tasks.o(i.xTaskGetSchedulerState)
    xTaskGetTickCount                        0x00002539   Thumb Code     6  tasks.o(i.xTaskGetTickCount)
    xTaskIncrementTick                       0x00002545   Thumb Code   286  tasks.o(i.xTaskIncrementTick)
    xTaskPriorityDisinherit                  0x00002691   Thumb Code   160  tasks.o(i.xTaskPriorityDisinherit)
    xTaskRemoveFromEventList                 0x0000273d   Thumb Code   114  tasks.o(i.xTaskRemoveFromEventList)
    xTaskResumeAll                           0x000027c9   Thumb Code   200  tasks.o(i.xTaskResumeAll)
    xTimerCreateTimerTask                    0x000028b1   Thumb Code    56  timers.o(i.xTimerCreateTimerTask)
    xTimerGenericCommand                     0x000028f9   Thumb Code   112  timers.o(i.xTimerGenericCommand)
    OscRateIn                                0x0000296c   Data           4  board.o(.constdata)
    RTCOscRateIn                             0x00002970   Data           4  board.o(.constdata)
    Region$$Table$$Base                      0x00002a08   Number         0  anon$$obj.o(Region$$Table)
    Region$$Table$$Limit                     0x00002a28   Number         0  anon$$obj.o(Region$$Table)
    pxCurrentTCB                             0x02000000   Data           4  tasks.o(.data)
    __stdout                                 0x02000054   Data           4  board.o(.data)
    SystemCoreClock                          0x02000058   Data           4  chip_15xx.o(.data)
    xQueueRegistry                           0x0200005c   Data          64  queue.o(.bss)
    __libspace_start                         0x0200018c   Data          96  libspace.o(.bss)
    __temporary_stack_top$libspace           0x020001ec   Data           0  libspace.o(.bss)



==============================================================================

Memory Map of the image

  Image Entry point : 0x000000fd

  Load Region LR_IROM1 (Base: 0x00000000, Size: 0x00002a84, Max: 0x00040000, ABSOLUTE)

    Execution Region ER_IROM1 (Base: 0x00000000, Size: 0x00002a28, Max: 0x00040000, ABSOLUTE)

    Base Addr    Size         Type   Attr      Idx    E Section Name        Object

    0x00000000   0x000000fc   Data   RO          248    RESET               keil_startup_lpc15xx.o
    0x000000fc   0x00000008   Code   RO         2475  * !!!main             c_w.l(__main.o)
    0x00000104   0x00000034   Code   RO         2701    !!!scatter          c_w.l(__scatter.o)
    0x00000138   0x0000001a   Code   RO         2703    !!handler_copy      c_w.l(__scatter_copy.o)
    0x00000152   0x00000002   PAD
    0x00000154   0x0000001c   Code   RO         2705    !!handler_zi        c_w.l(__scatter_zi.o)
    0x00000170   0x00000000   Code   RO         2468    .ARM.Collect$$_printf_percent$$00000000  c_w.l(_printf_percent.o)
    0x00000170   0x00000006   Code   RO         2467    .ARM.Collect$$_printf_percent$$00000009  c_w.l(_printf_d.o)
    0x00000176   0x00000006   Code   RO         2466    .ARM.Collect$$_printf_percent$$00000014  c_w.l(_printf_s.o)
    0x0000017c   0x00000004   Code   RO         2515    .ARM.Collect$$_printf_percent$$00000017  c_w.l(_printf_percent_end.o)
    0x00000180   0x00000002   Code   RO         2642    .ARM.Collect$$libinit$$00000000  c_w.l(libinit.o)
    0x00000182   0x00000000   Code   RO         2523    .ARM.Collect$$libinit$$00000002  c_w.l(libinit2.o)
    0x00000182   0x00000000   Code   RO         2525    .ARM.Collect$$libinit$$00000004  c_w.l(libinit2.o)
    0x00000182   0x00000008   Code   RO         2526    .ARM.Collect$$libinit$$00000005  c_w.l(libinit2.o)
    0x0000018a   0x00000000   Code   RO         2528    .ARM.Collect$$libinit$$0000000A  c_w.l(libinit2.o)
    0x0000018a   0x00000000   Code   RO         2530    .ARM.Collect$$libinit$$0000000C  c_w.l(libinit2.o)
    0x0000018a   0x00000000   Code   RO         2532    .ARM.Collect$$libinit$$0000000E  c_w.l(libinit2.o)
    0x0000018a   0x00000000   Code   RO         2535    .ARM.Collect$$libinit$$00000011  c_w.l(libinit2.o)
    0x0000018a   0x00000000   Code   RO         2537    .ARM.Collect$$libinit$$00000013  c_w.l(libinit2.o)
    0x0000018a   0x00000000   Code   RO         2539    .ARM.Collect$$libinit$$00000015  c_w.l(libinit2.o)
    0x0000018a   0x00000000   Code   RO         2541    .ARM.Collect$$libinit$$00000017  c_w.l(libinit2.o)
    0x0000018a   0x00000000   Code   RO         2543    .ARM.Collect$$libinit$$00000019  c_w.l(libinit2.o)
    0x0000018a   0x00000000   Code   RO         2545    .ARM.Collect$$libinit$$0000001B  c_w.l(libinit2.o)
    0x0000018a   0x00000000   Code   RO         2547    .ARM.Collect$$libinit$$0000001D  c_w.l(libinit2.o)
    0x0000018a   0x00000000   Code   RO         2549    .ARM.Collect$$libinit$$0000001F  c_w.l(libinit2.o)
    0x0000018a   0x00000000   Code   RO         2551    .ARM.Collect$$libinit$$00000021  c_w.l(libinit2.o)
    0x0000018a   0x00000000   Code   RO         2553    .ARM.Collect$$libinit$$00000023  c_w.l(libinit2.o)
    0x0000018a   0x00000000   Code   RO         2555    .ARM.Collect$$libinit$$00000025  c_w.l(libinit2.o)
    0x0000018a   0x00000000   Code   RO         2559    .ARM.Collect$$libinit$$0000002C  c_w.l(libinit2.o)
    0x0000018a   0x00000000   Code   RO         2561    .ARM.Collect$$libinit$$0000002E  c_w.l(libinit2.o)
    0x0000018a   0x00000000   Code   RO         2563    .ARM.Collect$$libinit$$00000030  c_w.l(libinit2.o)
    0x0000018a   0x00000000   Code   RO         2565    .ARM.Collect$$libinit$$00000032  c_w.l(libinit2.o)
    0x0000018a   0x00000002   Code   RO         2566    .ARM.Collect$$libinit$$00000033  c_w.l(libinit2.o)
    0x0000018c   0x00000002   Code   RO         2698    .ARM.Collect$$libshutdown$$00000000  c_w.l(libshutdown.o)
    0x0000018e   0x00000000   Code   RO         2656    .ARM.Collect$$libshutdown$$00000002  c_w.l(libshutdown2.o)
    0x0000018e   0x00000000   Code   RO         2658    .ARM.Collect$$libshutdown$$00000004  c_w.l(libshutdown2.o)
    0x0000018e   0x00000000   Code   RO         2661    .ARM.Collect$$libshutdown$$00000007  c_w.l(libshutdown2.o)
    0x0000018e   0x00000000   Code   RO         2664    .ARM.Collect$$libshutdown$$0000000A  c_w.l(libshutdown2.o)
    0x0000018e   0x00000000   Code   RO         2666    .ARM.Collect$$libshutdown$$0000000C  c_w.l(libshutdown2.o)
    0x0000018e   0x00000000   Code   RO         2669    .ARM.Collect$$libshutdown$$0000000F  c_w.l(libshutdown2.o)
    0x0000018e   0x00000002   Code   RO         2670    .ARM.Collect$$libshutdown$$00000010  c_w.l(libshutdown2.o)
    0x00000190   0x00000000   Code   RO         2479    .ARM.Collect$$rtentry$$00000000  c_w.l(__rtentry.o)
    0x00000190   0x00000000   Code   RO         2573    .ARM.Collect$$rtentry$$00000002  c_w.l(__rtentry2.o)
    0x00000190   0x00000006   Code   RO         2585    .ARM.Collect$$rtentry$$00000004  c_w.l(__rtentry4.o)
    0x00000196   0x00000000   Code   RO         2575    .ARM.Collect$$rtentry$$00000009  c_w.l(__rtentry2.o)
    0x00000196   0x00000004   Code   RO         2576    .ARM.Collect$$rtentry$$0000000A  c_w.l(__rtentry2.o)
    0x0000019a   0x00000000   Code   RO         2578    .ARM.Collect$$rtentry$$0000000C  c_w.l(__rtentry2.o)
    0x0000019a   0x00000008   Code   RO         2579    .ARM.Collect$$rtentry$$0000000D  c_w.l(__rtentry2.o)
    0x000001a2   0x00000002   Code   RO         2643    .ARM.Collect$$rtexit$$00000000  c_w.l(rtexit.o)
    0x000001a4   0x00000000   Code   RO         2674    .ARM.Collect$$rtexit$$00000002  c_w.l(rtexit2.o)
    0x000001a4   0x00000004   Code   RO         2675    .ARM.Collect$$rtexit$$00000003  c_w.l(rtexit2.o)
    0x000001a8   0x00000006   Code   RO         2676    .ARM.Collect$$rtexit$$00000004  c_w.l(rtexit2.o)
    0x000001ae   0x00000002   PAD
    0x000001b0   0x000000a2   Code   RO         1154    .emb_text           port.o
    0x00000252   0x00000002   PAD
    0x00000254   0x00000000   Code   RO         2591    .emb_text           c_w.l(maybetermalloc1.o)
    0x00000254   0x0000003c   Code   RO          250    .text               keil_startup_lpc15xx.o
    0x00000290   0x0000005e   Code   RO         2376    .text               c_w.l(h1_alloc.o)
    0x000002ee   0x00000006   Code   RO         2473    .text               c_w.l(heapauxi.o)
    0x000002f4   0x00000008   Code   RO         2487    .text               c_w.l(rt_heap_descriptor_intlibspace.o)
    0x000002fc   0x00000004   Code   RO          249    .ARM.__at_0x02FC    keil_startup_lpc15xx.o
    0x00000300   0x0000004e   Code   RO         2378    .text               c_w.l(h1_free.o)
    0x0000034e   0x000000ee   Code   RO         2434    .text               c_w.l(lludivv7m.o)
    0x0000043c   0x00000018   Code   RO         2438    .text               c_w.l(noretval__2printf.o)
    0x00000454   0x00000068   Code   RO         2440    .text               c_w.l(__printf.o)
    0x000004bc   0x00000052   Code   RO         2442    .text               c_w.l(_printf_str.o)
    0x0000050e   0x00000002   PAD
    0x00000510   0x00000078   Code   RO         2444    .text               c_w.l(_printf_dec.o)
    0x00000588   0x0000008a   Code   RO         2469    .text               c_w.l(rt_memcpy_v6.o)
    0x00000612   0x00000010   Code   RO         2471    .text               c_w.l(aeabi_memset.o)
    0x00000622   0x00000004   Code   RO         2489    .text               c_w.l(hguard.o)
    0x00000626   0x0000008a   Code   RO         2491    .text               c_w.l(init_alloc.o)
    0x000006b0   0x0000000e   Code   RO         2495    .text               c_w.l(h1_init.o)
    0x000006be   0x000000b2   Code   RO         2509    .text               c_w.l(_printf_intcommon.o)
    0x00000770   0x0000002c   Code   RO         2511    .text               c_w.l(_printf_char.o)
    0x0000079c   0x00000024   Code   RO         2513    .text               c_w.l(_printf_char_file.o)
    0x000007c0   0x00000064   Code   RO         2516    .text               c_w.l(rt_memcpy_w.o)
    0x00000824   0x00000044   Code   RO         2518    .text               c_w.l(rt_memclr.o)
    0x00000868   0x00000008   Code   RO         2569    .text               c_w.l(libspace.o)
    0x00000870   0x00000034   Code   RO         2593    .text               c_w.l(h1_extend.o)
    0x000008a4   0x00000030   Code   RO         2597    .text               c_w.l(_printf_char_common.o)
    0x000008d4   0x0000000e   Code   RO         2599    .text               c_w.l(defsig_rtmem_outer.o)
    0x000008e2   0x0000004e   Code   RO         2603    .text               c_w.l(rt_memclr_w.o)
    0x00000930   0x00000002   Code   RO         2612    .text               c_w.l(use_no_semi.o)
    0x00000932   0x00000000   Code   RO         2614    .text               c_w.l(indicate_semi.o)
    0x00000932   0x0000004a   Code   RO         2615    .text               c_w.l(sys_stackheap_outer.o)
    0x0000097c   0x00000012   Code   RO         2623    .text               c_w.l(exit.o)
    0x0000098e   0x0000000a   Code   RO         2625    .text               c_w.l(defsig_exit.o)
    0x00000998   0x00000050   Code   RO         2631    .text               c_w.l(defsig_rtmem_inner.o)
    0x000009e8   0x00000032   Code   RO         2651    .text               c_w.l(defsig_general.o)
    0x00000a1a   0x0000000e   Code   RO         2671    .text               c_w.l(sys_wrch.o)
    0x00000a28   0x00000060   Code   RO         1288    i.Board_Debug_Init  board_nxp_lpcxpresso_1549.lib(board.o)
    0x00000a88   0x00000048   Code   RO         1289    i.Board_Init        board_nxp_lpcxpresso_1549.lib(board.o)
    0x00000ad0   0x00000024   Code   RO         1291    i.Board_LED_Set     board_nxp_lpcxpresso_1549.lib(board.o)
    0x00000af4   0x00000038   Code   RO         1582    i.Board_SetupClocking  board_nxp_lpcxpresso_1549.lib(board_sysinit.o)
    0x00000b2c   0x00000050   Code   RO         1583    i.Board_SetupMuxing  board_nxp_lpcxpresso_1549.lib(board_sysinit.o)
    0x00000b7c   0x00000018   Code   RO         1584    i.Board_SystemInit  board_nxp_lpcxpresso_1549.lib(board_sysinit.o)
    0x00000b94   0x00000014   Code   RO         1295    i.Board_UARTPutChar  board_nxp_lpcxpresso_1549.lib(board.o)
    0x00000ba8   0x00000014   Code   RO         1296    i.Board_UARTPutSTR  board_nxp_lpcxpresso_1549.lib(board.o)
    0x00000bbc   0x00000020   Code   RO         1882    i.Chip_Clock_EnablePeriphClock  chip_15xx_lib.lib(clock_15xx.o)
    0x00000bdc   0x00000018   Code   RO         1884    i.Chip_Clock_GetMainClockRate  chip_15xx_lib.lib(clock_15xx.o)
    0x00000bf4   0x00000034   Code   RO         1886    i.Chip_Clock_GetMain_A_ClockRate  chip_15xx_lib.lib(clock_15xx.o)
    0x00000c28   0x00000034   Code   RO         1887    i.Chip_Clock_GetMain_B_ClockRate  chip_15xx_lib.lib(clock_15xx.o)
    0x00000c5c   0x0000000c   Code   RO         1888    i.Chip_Clock_GetPLLFreq  chip_15xx_lib.lib(clock_15xx.o)
    0x00000c68   0x00000020   Code   RO         1889    i.Chip_Clock_GetPLLInClockRate  chip_15xx_lib.lib(clock_15xx.o)
    0x00000c88   0x00000018   Code   RO         1893    i.Chip_Clock_GetSystemClockRate  chip_15xx_lib.lib(clock_15xx.o)
    0x00000ca0   0x00000010   Code   RO         1894    i.Chip_Clock_GetSystemPLLInClockRate  chip_15xx_lib.lib(clock_15xx.o)
    0x00000cb0   0x0000001c   Code   RO         1895    i.Chip_Clock_GetSystemPLLOutClockRate  chip_15xx_lib.lib(clock_15xx.o)
    0x00000ccc   0x00000040   Code   RO         1896    i.Chip_Clock_GetUARTBaseClockRate  chip_15xx_lib.lib(clock_15xx.o)
    0x00000d0c   0x00000020   Code   RO         1900    i.Chip_Clock_SetMainClockSource  chip_15xx_lib.lib(clock_15xx.o)
    0x00000d2c   0x00000050   Code   RO         1902    i.Chip_Clock_SetUARTBaseClockRate  chip_15xx_lib.lib(clock_15xx.o)
    0x00000d7c   0x0000001c   Code   RO         2159    i.Chip_FMC_SetFLASHAccess  chip_15xx_lib.lib(sysinit_15xx.o)
    0x00000d98   0x0000002c   Code   RO         2029    i.Chip_GPIO_Init    chip_15xx_lib.lib(gpio_15xx.o)
    0x00000dc4   0x00000024   Code   RO         2085    i.Chip_IOCON_SetPinMuxing  chip_15xx_lib.lib(iocon_15xx.o)
    0x00000de8   0x00000024   Code   RO         2116    i.Chip_SWM_MovablePinAssign  chip_15xx_lib.lib(swm_15xx.o)
    0x00000e0c   0x0000000a   Code   RO         1298    i.Chip_SWM_MovablePortPinAssign  board_nxp_lpcxpresso_1549.lib(board.o)
    0x00000e16   0x00000002   PAD
    0x00000e18   0x00000024   Code   RO         1817    i.Chip_SYSCTL_AssertPeriphReset  chip_15xx_lib.lib(sysctl_15xx.o)
    0x00000e3c   0x00000024   Code   RO         1818    i.Chip_SYSCTL_DeassertPeriphReset  chip_15xx_lib.lib(sysctl_15xx.o)
    0x00000e60   0x00000012   Code   RO         2206    i.Chip_SYSCTL_PeriphReset  chip_15xx_lib.lib(uart_15xx.o)
    0x00000e72   0x00000002   PAD
    0x00000e74   0x0000001c   Code   RO         1820    i.Chip_SYSCTL_PowerDown  chip_15xx_lib.lib(sysctl_15xx.o)
    0x00000e90   0x0000001c   Code   RO         1821    i.Chip_SYSCTL_PowerUp  chip_15xx_lib.lib(sysctl_15xx.o)
    0x00000eac   0x00000060   Code   RO         2161    i.Chip_SetupXtalClocking  chip_15xx_lib.lib(sysinit_15xx.o)
    0x00000f0c   0x00000034   Code   RO         2209    i.Chip_UART_Init    chip_15xx_lib.lib(uart_15xx.o)
    0x00000f40   0x0000001c   Code   RO         2214    i.Chip_UART_Send    chip_15xx_lib.lib(uart_15xx.o)
    0x00000f5c   0x00000024   Code   RO         2215    i.Chip_UART_SendBlocking  chip_15xx_lib.lib(uart_15xx.o)
    0x00000f80   0x00000016   Code   RO         2217    i.Chip_UART_SetBaud  chip_15xx_lib.lib(uart_15xx.o)
    0x00000f96   0x00000002   PAD
    0x00000f98   0x00000020   Code   RO         1155    i.SysTick_Handler   port.o
    0x00000fb8   0x00000010   Code   RO         1647    i.SystemCoreClockUpdate  chip_15xx_lib.lib(chip_15xx.o)
    0x00000fc8   0x00000008   Code   RO          259    i.SystemInit        sysinit.o
    0x00000fd0   0x00000004   Code   RO         1300    i._sys_exit         board_nxp_lpcxpresso_1549.lib(board.o)
    0x00000fd4   0x00000006   Code   RO         1302    i.ferror            board_nxp_lpcxpresso_1549.lib(board.o)
    0x00000fda   0x0000000c   Code   RO         1304    i.fputc             board_nxp_lpcxpresso_1549.lib(board.o)
    0x00000fe6   0x00000002   PAD
    0x00000fe8   0x00000020   Code   RO         2220    i.getUARTClockID    chip_15xx_lib.lib(uart_15xx.o)
    0x00001008   0x000000b0   Code   RO            4    i.main              main.o
    0x000010b8   0x00000054   Code   RO          684    i.prvAddCurrentTaskToDelayedList  tasks.o
    0x0000110c   0x00000042   Code   RO          685    i.prvAllocateTCBAndStack  tasks.o
    0x0000114e   0x00000002   PAD
    0x00001150   0x00000074   Code   RO         1017    i.prvCheckForValidListAndQueue  timers.o
    0x000011c4   0x00000064   Code   RO          686    i.prvCheckTasksWaitingTermination  tasks.o
    0x00001228   0x0000002a   Code   RO          488    i.prvCopyDataFromQueue  queue.o
    0x00001252   0x00000080   Code   RO          489    i.prvCopyDataToQueue  queue.o
    0x000012d2   0x00000012   Code   RO          687    i.prvDeleteTCB      tasks.o
    0x000012e4   0x00000028   Code   RO         1018    i.prvGetNextExpireTime  timers.o
    0x0000130c   0x0000001c   Code   RO          688    i.prvIdleTask       tasks.o
    0x00001328   0x00000062   Code   RO          689    i.prvInitialiseTCBVariables  tasks.o
    0x0000138a   0x00000002   PAD
    0x0000138c   0x00000068   Code   RO          690    i.prvInitialiseTaskLists  tasks.o
    0x000013f4   0x00000058   Code   RO         1019    i.prvInsertTimerInActiveList  timers.o
    0x0000144c   0x0000001a   Code   RO          490    i.prvIsQueueEmpty   queue.o
    0x00001466   0x0000001e   Code   RO          491    i.prvIsQueueFull    queue.o
    0x00001484   0x00000058   Code   RO         1020    i.prvProcessExpiredTimer  timers.o
    0x000014dc   0x000000dc   Code   RO         1021    i.prvProcessReceivedCommands  timers.o
    0x000015b8   0x00000064   Code   RO         1022    i.prvProcessTimerOrBlockTask  timers.o
    0x0000161c   0x00000034   Code   RO          692    i.prvResetNextTaskUnblockTime  tasks.o
    0x00001650   0x0000002c   Code   RO         1023    i.prvSampleTimeNow  timers.o
    0x0000167c   0x00000014   Code   RO            5    i.prvSetupHardware  main.o
    0x00001690   0x00000090   Code   RO         1024    i.prvSwitchTimerLists  timers.o
    0x00001720   0x00000024   Code   RO         1156    i.prvTaskExitError  port.o
    0x00001744   0x0000001a   Code   RO         1025    i.prvTimerTask      timers.o
    0x0000175e   0x0000007e   Code   RO          492    i.prvUnlockQueue    queue.o
    0x000017dc   0x0000001e   Code   RO         1124    i.pvPortMalloc      heap_3.o
    0x000017fa   0x00000002   PAD
    0x000017fc   0x00000020   Code   RO          695    i.pvTaskIncrementMutexHeldCount  tasks.o
    0x0000181c   0x00000020   Code   RO         1157    i.pxPortInitialiseStack  port.o
    0x0000183c   0x00000028   Code   RO          440    i.uxListRemove      list.o
    0x00001864   0x00000004   Code   RO         1238    i.vApplicationIdleHook  freertoscommonhooks.o
    0x00001868   0x00000038   Code   RO         1239    i.vApplicationMallocFailedHook  freertoscommonhooks.o
    0x000018a0   0x00000044   Code   RO         1240    i.vApplicationStackOverflowHook  freertoscommonhooks.o
    0x000018e4   0x00000002   Code   RO         1241    i.vApplicationTickHook  freertoscommonhooks.o
    0x000018e6   0x00000018   Code   RO            6    i.vLEDTask1         main.o
    0x000018fe   0x00000018   Code   RO            7    i.vLEDTask2         main.o
    0x00001916   0x00000018   Code   RO            8    i.vLEDTask3         main.o
    0x0000192e   0x0000001a   Code   RO          441    i.vListInitialise   list.o
    0x00001948   0x00000006   Code   RO          442    i.vListInitialiseItem  list.o
    0x0000194e   0x00000034   Code   RO          443    i.vListInsert       list.o
    0x00001982   0x00000018   Code   RO          444    i.vListInsertEnd    list.o
    0x0000199a   0x00000002   PAD
    0x0000199c   0x00000044   Code   RO         1159    i.vPortEnterCritical  port.o
    0x000019e0   0x0000002c   Code   RO         1160    i.vPortExitCritical  port.o
    0x00001a0c   0x00000016   Code   RO         1125    i.vPortFree         heap_3.o
    0x00001a22   0x00000002   PAD
    0x00001a24   0x00000014   Code   RO         1161    i.vPortSetupTimerInterrupt  port.o
    0x00001a38   0x0000005c   Code   RO         1162    i.vPortValidateInterruptPriority  port.o
    0x00001a94   0x00000018   Code   RO         1163    i.vPortYield        port.o
    0x00001aac   0x0000002c   Code   RO          498    i.vQueueAddToRegistry  queue.o
    0x00001ad8   0x00000042   Code   RO          502    i.vQueueWaitForMessageRestricted  queue.o
    0x00001b1a   0x00000002   PAD
    0x00001b1c   0x00000070   Code   RO          703    i.vTaskDelay        tasks.o
    0x00001b8c   0x0000000c   Code   RO          707    i.vTaskMissedYield  tasks.o
    0x00001b98   0x00000070   Code   RO          709    i.vTaskPlaceOnEventList  tasks.o
    0x00001c08   0x00000074   Code   RO          710    i.vTaskPlaceOnEventListRestricted  tasks.o
    0x00001c7c   0x000000b0   Code   RO          712    i.vTaskPriorityInherit  tasks.o
    0x00001d2c   0x00000024   Code   RO          716    i.vTaskSetTimeOutState  tasks.o
    0x00001d50   0x00000068   Code   RO          717    i.vTaskStartScheduler  tasks.o
    0x00001db8   0x00000010   Code   RO          719    i.vTaskSuspendAll   tasks.o
    0x00001dc8   0x000000b4   Code   RO          720    i.vTaskSwitchContext  tasks.o
    0x00001e7c   0x00000024   Code   RO            9    i.vUARTTask         main.o
    0x00001ea0   0x000000a0   Code   RO         1164    i.xPortStartScheduler  port.o
    0x00001f40   0x0000006a   Code   RO          505    i.xQueueGenericCreate  queue.o
    0x00001faa   0x0000015a   Code   RO          506    i.xQueueGenericReceive  queue.o
    0x00002104   0x00000078   Code   RO          507    i.xQueueGenericReset  queue.o
    0x0000217c   0x00000142   Code   RO          508    i.xQueueGenericSend  queue.o
    0x000022be   0x000000ac   Code   RO          509    i.xQueueGenericSendFromISR  queue.o
    0x0000236a   0x00000002   PAD
    0x0000236c   0x00000074   Code   RO          721    i.xTaskCheckForTimeOut  tasks.o
    0x000023e0   0x00000138   Code   RO          722    i.xTaskGenericCreate  tasks.o
    0x00002518   0x00000020   Code   RO          726    i.xTaskGetSchedulerState  tasks.o
    0x00002538   0x0000000c   Code   RO          727    i.xTaskGetTickCount  tasks.o
    0x00002544   0x0000014c   Code   RO          729    i.xTaskIncrementTick  tasks.o
    0x00002690   0x000000ac   Code   RO          732    i.xTaskPriorityDisinherit  tasks.o
    0x0000273c   0x0000008c   Code   RO          733    i.xTaskRemoveFromEventList  tasks.o
    0x000027c8   0x000000e8   Code   RO          735    i.xTaskResumeAll    tasks.o
    0x000028b0   0x00000048   Code   RO         1029    i.xTimerCreateTimerTask  timers.o
    0x000028f8   0x00000074   Code   RO         1030    i.xTimerGenericCommand  timers.o
    0x0000296c   0x00000004   Data   RO         1305    .constdata          board_nxp_lpcxpresso_1549.lib(board.o)
    0x00002970   0x00000004   Data   RO         1306    .constdata          board_nxp_lpcxpresso_1549.lib(board.o)
    0x00002974   0x00000015   Data   RO         1307    .constdata          board_nxp_lpcxpresso_1549.lib(board.o)
    0x00002989   0x00000003   PAD
    0x0000298c   0x0000007c   Data   RO         1585    .constdata          board_nxp_lpcxpresso_1549.lib(board_sysinit.o)
    0x00002a08   0x00000020   Data   RO         2699    Region$$Table       anon$$obj.o


    Execution Region RW_IRAM1 (Base: 0x02000000, Size: 0x000004f0, Max: 0x00009000, ABSOLUTE)

    Base Addr    Size         Type   Attr      Idx    E Section Name        Object

    0x02000000   0x00000038   Data   RW          738    .data               tasks.o
    0x02000038   0x00000010   Data   RW         1033    .data               timers.o
    0x02000048   0x0000000c   Data   RW         1165    .data               port.o
    0x02000054   0x00000004   Data   RW         1308    .data               board_nxp_lpcxpresso_1549.lib(board.o)
    0x02000058   0x00000004   Data   RW         1648    .data               chip_15xx_lib.lib(chip_15xx.o)
    0x0200005c   0x00000040   Zero   RW          517    .bss                queue.o
    0x0200009c   0x000000c8   Zero   RW          737    .bss                tasks.o
    0x02000164   0x00000028   Zero   RW         1032    .bss                timers.o
    0x0200018c   0x00000060   Zero   RW         2570    .bss                c_w.l(libspace.o)
    0x020001ec   0x00000004   PAD
    0x020001f0   0x00000100   Zero   RW          247    HEAP                keil_startup_lpc15xx.o
    0x020002f0   0x00000200   Zero   RW          246    STACK               keil_startup_lpc15xx.o


==============================================================================

Image component sizes


      Code (inc. data)   RO Data    RW Data    ZI Data      Debug   Object Name

         0          0          0          0          0       3908   event_groups.o
       130         92          0          0          0       1901   freertoscommonhooks.o
        52          0          0          0          0       1227   heap_3.o
        64         32        252          0        768        876   keil_startup_lpc15xx.o
       148          0          0          0          0       3298   list.o
       304         76          0          0          0      17179   main.o
       670         86          0         12          0       8230   port.o
      1528          6          0          0         64      14441   queue.o
         8          0          0          0          0        421   sysinit.o
      2794        376          0         56        200      20540   tasks.o
      1054        104          0         16         40       8783   timers.o

    ----------------------------------------------------------------------
      6768        772        284         84       1072      80804   Object Totals
         0          0         32          0          0          0   (incl. Generated)
        16          0          0          0          0          0   (incl. Padding)

    ----------------------------------------------------------------------

      Code (inc. data)   RO Data    RW Data    ZI Data      Debug   Library Member Name

       276         22         29          4          0      20883   board.o
       160         18        124          0          0      15685   board_sysinit.o
         8          0          0          0          0         68   __main.o
       104          0          0          0          0         84   __printf.o
         0          0          0          0          0          0   __rtentry.o
        12          0          0          0          0          0   __rtentry2.o
         6          0          0          0          0          0   __rtentry4.o
        52          8          0          0          0          0   __scatter.o
        26          0          0          0          0          0   __scatter_copy.o
        28          0          0          0          0          0   __scatter_zi.o
        44          0          0          0          0        108   _printf_char.o
        48          6          0          0          0         96   _printf_char_common.o
        36          4          0          0          0         80   _printf_char_file.o
         6          0          0          0          0          0   _printf_d.o
       120         16          0          0          0         92   _printf_dec.o
       178          0          0          0          0         88   _printf_intcommon.o
         0          0          0          0          0          0   _printf_percent.o
         4          0          0          0          0          0   _printf_percent_end.o
         6          0          0          0          0          0   _printf_s.o
        82          0          0          0          0         80   _printf_str.o
        16          0          0          0          0         68   aeabi_memset.o
        10          0          0          0          0         68   defsig_exit.o
        50          0          0          0          0         88   defsig_general.o
        80         58          0          0          0         76   defsig_rtmem_inner.o
        14          0          0          0          0         80   defsig_rtmem_outer.o
        18          0          0          0          0         80   exit.o
        94          0          0          0          0         80   h1_alloc.o
        52          0          0          0          0         68   h1_extend.o
        78          0          0          0          0         80   h1_free.o
        14          0          0          0          0         84   h1_init.o
         6          0          0          0          0        152   heapauxi.o
         4          0          0          0          0        136   hguard.o
         0          0          0          0          0          0   indicate_semi.o
       138          0          0          0          0        168   init_alloc.o
         2          0          0          0          0          0   libinit.o
        10          0          0          0          0          0   libinit2.o
         2          0          0          0          0          0   libshutdown.o
         2          0          0          0          0          0   libshutdown2.o
         8          4          0          0         96         68   libspace.o
       238          0          0          0          0        100   lludivv7m.o
         0          0          0          0          0          0   maybetermalloc1.o
        24          4          0          0          0         84   noretval__2printf.o
         8          4          0          0          0         68   rt_heap_descriptor_intlibspace.o
        68          0          0          0          0         68   rt_memclr.o
        78          0          0          0          0         80   rt_memclr_w.o
       138          0          0          0          0         68   rt_memcpy_v6.o
       100          0          0          0          0         80   rt_memcpy_w.o
         2          0          0          0          0          0   rtexit.o
        10          0          0          0          0          0   rtexit2.o
        74          0          0          0          0         80   sys_stackheap_outer.o
        14          0          0          0          0         76   sys_wrch.o
         2          0          0          0          0         68   use_no_semi.o
        16          4          0          4          0      11078   chip_15xx.o
       448         72          0          0          0      12422   clock_15xx.o
        44          0          0          0          0       2929   gpio_15xx.o
        36          0          0          0          0       2250   iocon_15xx.o
        36          6          0          0          0        620   swm_15xx.o
       128         28          0          0          0       9172   sysctl_15xx.o
       124          8          0          0          0      12625   sysinit_15xx.o
       188         18          0          0          0      12188   uart_15xx.o

    ----------------------------------------------------------------------
      3584        280        156          8        100     102616   Library Totals
        14          0          3          0          4          0   (incl. Padding)

    ----------------------------------------------------------------------

      Code (inc. data)   RO Data    RW Data    ZI Data      Debug   Library Name

       436         40        153          4          0      36568   board_nxp_lpcxpresso_1549.lib
      2114        104          0          0         96       2764   c_w.l
      1020        136          0          4          0      63284   chip_15xx_lib.lib

    ----------------------------------------------------------------------
      3584        280        156          8        100     102616   Library Totals

    ----------------------------------------------------------------------

==============================================================================


      Code (inc. data)   RO Data    RW Data    ZI Data      Debug   

     10352       1052        440         92       1172     176188   Grand Totals
     10352       1052        440         92       1172     176188   ELF Image Totals
     10352       1052        440         92          0          0   ROM Totals

==============================================================================

    Total RO  Size (Code + RO Data)                10792 (  10.54kB)
    Total RW  Size (RW Data + ZI Data)              1264 (   1.23kB)
    Total ROM Size (Code + RO Data + RW Data)      10884 (  10.63kB)

==============================================================================

